created virtual environment CPython3.10.13.final.0-64 in 13983ms
  creator CPython3Posix(dest=/localscratch/onurk.63889481.0/env, clear=False, no_vcs_ignore=False, global=False)
  seeder FromAppData(download=False, pip=bundle, setuptools=bundle, wheel=bundle, via=copy, app_data_dir=/home/onurk/.local/share/virtualenv)
    added seed packages: pip==25.1.1, setuptools==80.9.0, wheel==0.45.1+computecanada
  activators BashActivator,CShellActivator,FishActivator,NushellActivator,PowerShellActivator,PythonActivator
Looking in links: /cvmfs/soft.computecanada.ca/custom/python/wheelhouse/gentoo2023/x86-64-v3, /cvmfs/soft.computecanada.ca/custom/python/wheelhouse/gentoo2023/generic, /cvmfs/soft.computecanada.ca/custom/python/wheelhouse/generic
Processing /cvmfs/soft.computecanada.ca/custom/python/wheelhouse/gentoo2023/x86-64-v3/torch-2.6.0+computecanada-cp310-cp310-linux_x86_64.whl
Processing /cvmfs/soft.computecanada.ca/custom/python/wheelhouse/generic/filelock-3.18.0+computecanada-py3-none-any.whl (from torch)
Requirement already satisfied: typing-extensions>=4.10.0 in /cvmfs/soft.computecanada.ca/easybuild/software/2023/x86-64-v3/Compiler/gcccore/ipykernel/2025a/lib/python3.10/site-packages (from torch) (4.12.2+computecanada)
Processing /cvmfs/soft.computecanada.ca/custom/python/wheelhouse/generic/networkx-3.5+computecanada-py3-none-any.whl (from torch)
Processing /cvmfs/soft.computecanada.ca/custom/python/wheelhouse/generic/jinja2-3.1.6+computecanada-py3-none-any.whl (from torch)
Processing /cvmfs/soft.computecanada.ca/custom/python/wheelhouse/generic/fsspec-2025.5.1+computecanada-py3-none-any.whl (from torch)
Processing /cvmfs/soft.computecanada.ca/custom/python/wheelhouse/generic/sympy-1.13.1+computecanada-py3-none-any.whl (from torch)
Requirement already satisfied: mpmath<1.4,>=1.1.0 in /cvmfs/soft.computecanada.ca/easybuild/software/2023/x86-64-v3/Compiler/gcccore/scipy-stack/2025a/lib/python3.10/site-packages (from sympy==1.13.1->torch) (1.3.0+computecanada)
Processing /cvmfs/soft.computecanada.ca/custom/python/wheelhouse/generic/MarkupSafe-2.1.5+computecanada-cp310-cp310-linux_x86_64.whl (from jinja2->torch)
INFO: pip is looking at multiple versions of networkx to determine which version is compatible with other requirements. This could take a while.
Processing /cvmfs/soft.computecanada.ca/custom/python/wheelhouse/generic/networkx-3.4.2+computecanada-py3-none-any.whl (from torch)
Installing collected packages: sympy, networkx, MarkupSafe, fsspec, filelock, jinja2, torch
  Attempting uninstall: sympy
    Found existing installation: sympy 1.13.3+computecanada
    Not uninstalling sympy at /cvmfs/soft.computecanada.ca/easybuild/software/2023/x86-64-v3/Compiler/gcccore/scipy-stack/2025a/lib/python3.10/site-packages, outside environment /localscratch/onurk.63889481.0/env
    Can't uninstall 'sympy'. No files were found to uninstall.

Successfully installed MarkupSafe-2.1.5+computecanada filelock-3.18.0+computecanada fsspec-2025.5.1+computecanada jinja2-3.1.6+computecanada networkx-3.4.2+computecanada sympy-1.13.1+computecanada torch-2.6.0+computecanada
gpp_input_names,  ['SW_IN_RAW', 'SW_IN', 'VPD', 'TA', 'WTD', 'WS', 'PotRad', 'PotRadHalfHourlyDiff', 'PotRadDailyAvg', 'PotRadDailyDiff', 'WD_COS', 'WD_SIN', 'GPP_PROX'] 
reco_input_names,  ['DOY_sin', 'DOY_cos', 'TA', 'TS_1', 'TS_2', 'TS_3', 'TS_4', 'WTD', 'WS', 'WD_COS', 'WD_SIN', 'NIGHTLY_NEE_AVG'] 
true_nee_name,  ['NEE'] 

Tramontana Running on GPU With hidden layer size of 12 Total epochs: 100000 lr: 0.001
SNN_GPP_Tram(
  (net): Sequential(
    (0): Linear(in_features=12, out_features=12, bias=True)
    (1): ReLU()
    (2): Linear(in_features=12, out_features=1, bias=True)
    (3): Sigmoid()
  )
)
SNN_RECO_Tram(
  (net): Sequential(
    (0): Linear(in_features=12, out_features=12, bias=True)
    (1): ReLU()
    (2): Linear(in_features=12, out_features=1, bias=True)
    (3): Sigmoid()
  )
)
Epoch     0 | Train Loss: 12200.721680 | Val Loss: 12531.975586 | Train R²: -427224.5312 | Val R²: -420991.4062
Epoch   500 | Train Loss: 118.726631 | Val Loss: 119.930077 | Train R²: -4156.3809 | Val R²: -4027.8655
Epoch  1000 | Train Loss: 23.196383 | Val Loss: 23.841953 | Train R²: -811.2540 | Val R²: -799.9337
Epoch  1500 | Train Loss: 9.285656 | Val Loss: 9.648191 | Train R²: -324.1504 | Val R²: -323.1161
Epoch  2000 | Train Loss: 4.839002 | Val Loss: 5.063083 | Train R²: -168.4445 | Val R²: -169.0865
Epoch  2500 | Train Loss: 2.879082 | Val Loss: 3.027651 | Train R²: -99.8151 | Val R²: -100.7093
Epoch  3000 | Train Loss: 1.854169 | Val Loss: 1.956856 | Train R²: -63.9263 | Val R²: -64.7376
Epoch  3500 | Train Loss: 1.257802 | Val Loss: 1.330190 | Train R²: -43.0437 | Val R²: -43.6857
Epoch  4000 | Train Loss: 0.885369 | Val Loss: 0.937031 | Train R²: -30.0024 | Val R²: -30.4781
Epoch  4500 | Train Loss: 0.640987 | Val Loss: 0.678234 | Train R²: -21.4451 | Val R²: -21.7842
Epoch  5000 | Train Loss: 0.474566 | Val Loss: 0.501626 | Train R²: -15.6176 | Val R²: -15.8514
Epoch  5500 | Train Loss: 0.357994 | Val Loss: 0.377625 | Train R²: -11.5357 | Val R²: -11.6857
Epoch  6000 | Train Loss: 0.274592 | Val Loss: 0.288852 | Train R²: -8.6152 | Val R²: -8.7035
Epoch  6500 | Train Loss: 0.213919 | Val Loss: 0.224268 | Train R²: -6.4907 | Val R²: -6.5339
Epoch  7000 | Train Loss: 0.169184 | Val Loss: 0.176736 | Train R²: -4.9242 | Val R²: -4.9372
Epoch  7500 | Train Loss: 0.135844 | Val Loss: 0.141404 | Train R²: -3.7568 | Val R²: -3.7502
Epoch  8000 | Train Loss: 0.110768 | Val Loss: 0.114923 | Train R²: -2.8787 | Val R²: -2.8607
Epoch  8500 | Train Loss: 0.091754 | Val Loss: 0.094932 | Train R²: -2.2129 | Val R²: -2.1891
Epoch  9000 | Train Loss: 0.077263 | Val Loss: 0.079767 | Train R²: -1.7055 | Val R²: -1.6797
Epoch  9500 | Train Loss: 0.066167 | Val Loss: 0.068211 | Train R²: -1.3169 | Val R²: -1.2914
Epoch 10000 | Train Loss: 0.057629 | Val Loss: 0.059362 | Train R²: -1.0180 | Val R²: -0.9942
Epoch 10500 | Train Loss: 0.051014 | Val Loss: 0.052543 | Train R²: -0.7863 | Val R²: -0.7651
Epoch 11000 | Train Loss: 0.045829 | Val Loss: 0.047228 | Train R²: -0.6048 | Val R²: -0.5866
Epoch 11500 | Train Loss: 0.041631 | Val Loss: 0.042954 | Train R²: -0.4578 | Val R²: -0.4430
Epoch 12000 | Train Loss: 0.038172 | Val Loss: 0.039444 | Train R²: -0.3366 | Val R²: -0.3251
Epoch 12500 | Train Loss: 0.035273 | Val Loss: 0.036507 | Train R²: -0.2351 | Val R²: -0.2264
Epoch 13000 | Train Loss: 0.033070 | Val Loss: 0.034245 | Train R²: -0.1580 | Val R²: -0.1504
Epoch 13500 | Train Loss: 0.031348 | Val Loss: 0.032491 | Train R²: -0.0977 | Val R²: -0.0915
Epoch 14000 | Train Loss: 0.029968 | Val Loss: 0.031072 | Train R²: -0.0494 | Val R²: -0.0438
Epoch 14500 | Train Loss: 0.028866 | Val Loss: 0.029938 | Train R²: -0.0108 | Val R²: -0.0057
Epoch 15000 | Train Loss: 0.028015 | Val Loss: 0.029072 | Train R²: 0.0190 | Val R²: 0.0234
Epoch 15500 | Train Loss: 0.027311 | Val Loss: 0.028374 | Train R²: 0.0437 | Val R²: 0.0468
Epoch 16000 | Train Loss: 0.026652 | Val Loss: 0.027734 | Train R²: 0.0667 | Val R²: 0.0683
Epoch 16500 | Train Loss: 0.026080 | Val Loss: 0.027201 | Train R²: 0.0868 | Val R²: 0.0862
Epoch 17000 | Train Loss: 0.025602 | Val Loss: 0.026739 | Train R²: 0.1035 | Val R²: 0.1017
Epoch 17500 | Train Loss: 0.025239 | Val Loss: 0.026378 | Train R²: 0.1162 | Val R²: 0.1139
Epoch 18000 | Train Loss: 0.024959 | Val Loss: 0.026113 | Train R²: 0.1260 | Val R²: 0.1228
Epoch 18500 | Train Loss: 0.024743 | Val Loss: 0.025909 | Train R²: 0.1336 | Val R²: 0.1296
Epoch 19000 | Train Loss: 0.024570 | Val Loss: 0.025749 | Train R²: 0.1396 | Val R²: 0.1350
Epoch 19500 | Train Loss: 0.024427 | Val Loss: 0.025620 | Train R²: 0.1447 | Val R²: 0.1393
Epoch 20000 | Train Loss: 0.024311 | Val Loss: 0.025513 | Train R²: 0.1487 | Val R²: 0.1429
Epoch 20500 | Train Loss: 0.024212 | Val Loss: 0.025422 | Train R²: 0.1522 | Val R²: 0.1460
Epoch 21000 | Train Loss: 0.024130 | Val Loss: 0.025349 | Train R²: 0.1550 | Val R²: 0.1484
Epoch 21500 | Train Loss: 0.024066 | Val Loss: 0.025290 | Train R²: 0.1573 | Val R²: 0.1504
Epoch 22000 | Train Loss: 0.024005 | Val Loss: 0.025234 | Train R²: 0.1594 | Val R²: 0.1523
Epoch 22500 | Train Loss: 0.023956 | Val Loss: 0.025192 | Train R²: 0.1611 | Val R²: 0.1537
Epoch 23000 | Train Loss: 0.023918 | Val Loss: 0.025156 | Train R²: 0.1625 | Val R²: 0.1549
Epoch 23500 | Train Loss: 0.023884 | Val Loss: 0.025125 | Train R²: 0.1637 | Val R²: 0.1559
Epoch 24000 | Train Loss: 0.023855 | Val Loss: 0.025099 | Train R²: 0.1647 | Val R²: 0.1568
Epoch 24500 | Train Loss: 0.023830 | Val Loss: 0.025073 | Train R²: 0.1656 | Val R²: 0.1577
Epoch 25000 | Train Loss: 0.023805 | Val Loss: 0.025044 | Train R²: 0.1664 | Val R²: 0.1587
Epoch 25500 | Train Loss: 0.023785 | Val Loss: 0.025024 | Train R²: 0.1671 | Val R²: 0.1594
Epoch 26000 | Train Loss: 0.023768 | Val Loss: 0.025003 | Train R²: 0.1677 | Val R²: 0.1601
Epoch 26500 | Train Loss: 0.023752 | Val Loss: 0.024991 | Train R²: 0.1683 | Val R²: 0.1605
Epoch 27000 | Train Loss: 0.023740 | Val Loss: 0.024980 | Train R²: 0.1687 | Val R²: 0.1608
Epoch 27500 | Train Loss: 0.023728 | Val Loss: 0.024968 | Train R²: 0.1691 | Val R²: 0.1612
Epoch 28000 | Train Loss: 0.023717 | Val Loss: 0.024960 | Train R²: 0.1695 | Val R²: 0.1615
Epoch 28500 | Train Loss: 0.023709 | Val Loss: 0.024953 | Train R²: 0.1698 | Val R²: 0.1617
Epoch 29000 | Train Loss: 0.023702 | Val Loss: 0.024947 | Train R²: 0.1700 | Val R²: 0.1619
Epoch 29500 | Train Loss: 0.023697 | Val Loss: 0.024942 | Train R²: 0.1702 | Val R²: 0.1621
Epoch 30000 | Train Loss: 0.023692 | Val Loss: 0.024938 | Train R²: 0.1704 | Val R²: 0.1622
Epoch 30500 | Train Loss: 0.023687 | Val Loss: 0.024931 | Train R²: 0.1706 | Val R²: 0.1625
Epoch 31000 | Train Loss: 0.023682 | Val Loss: 0.024927 | Train R²: 0.1707 | Val R²: 0.1626
Epoch 31500 | Train Loss: 0.023678 | Val Loss: 0.024917 | Train R²: 0.1709 | Val R²: 0.1629
Epoch 32000 | Train Loss: 0.023672 | Val Loss: 0.024908 | Train R²: 0.1711 | Val R²: 0.1633
Epoch 32500 | Train Loss: 0.023666 | Val Loss: 0.024903 | Train R²: 0.1713 | Val R²: 0.1634
Epoch 33000 | Train Loss: 0.023660 | Val Loss: 0.024900 | Train R²: 0.1715 | Val R²: 0.1635
Epoch 33500 | Train Loss: 0.023653 | Val Loss: 0.024892 | Train R²: 0.1717 | Val R²: 0.1638
Epoch 34000 | Train Loss: 0.023649 | Val Loss: 0.024888 | Train R²: 0.1719 | Val R²: 0.1639
Epoch 34500 | Train Loss: 0.023641 | Val Loss: 0.024886 | Train R²: 0.1722 | Val R²: 0.1640
Epoch 35000 | Train Loss: 0.023600 | Val Loss: 0.024836 | Train R²: 0.1736 | Val R²: 0.1657
Epoch 35500 | Train Loss: 0.023588 | Val Loss: 0.024823 | Train R²: 0.1740 | Val R²: 0.1661
Epoch 36000 | Train Loss: 0.023582 | Val Loss: 0.024819 | Train R²: 0.1742 | Val R²: 0.1663
Epoch 36500 | Train Loss: 0.023577 | Val Loss: 0.024813 | Train R²: 0.1744 | Val R²: 0.1664
Epoch 37000 | Train Loss: 0.023572 | Val Loss: 0.024805 | Train R²: 0.1746 | Val R²: 0.1667
Epoch 37500 | Train Loss: 0.023569 | Val Loss: 0.024801 | Train R²: 0.1747 | Val R²: 0.1669
Epoch 38000 | Train Loss: 0.023563 | Val Loss: 0.024798 | Train R²: 0.1749 | Val R²: 0.1669
Epoch 38500 | Train Loss: 0.023561 | Val Loss: 0.024795 | Train R²: 0.1750 | Val R²: 0.1671
Epoch 39000 | Train Loss: 0.023558 | Val Loss: 0.024790 | Train R²: 0.1751 | Val R²: 0.1672
Epoch 39500 | Train Loss: 0.023556 | Val Loss: 0.024788 | Train R²: 0.1752 | Val R²: 0.1673
Epoch 40000 | Train Loss: 0.023553 | Val Loss: 0.024784 | Train R²: 0.1753 | Val R²: 0.1674
Epoch 40500 | Train Loss: 0.023551 | Val Loss: 0.024784 | Train R²: 0.1753 | Val R²: 0.1674
Epoch 41000 | Train Loss: 0.023548 | Val Loss: 0.024782 | Train R²: 0.1754 | Val R²: 0.1675
Epoch 41500 | Train Loss: 0.023526 | Val Loss: 0.024763 | Train R²: 0.1762 | Val R²: 0.1681
Epoch 42000 | Train Loss: 0.023522 | Val Loss: 0.024760 | Train R²: 0.1763 | Val R²: 0.1682
Epoch 42500 | Train Loss: 0.023517 | Val Loss: 0.024760 | Train R²: 0.1765 | Val R²: 0.1682
Epoch 43000 | Train Loss: 0.023464 | Val Loss: 0.031744 | Train R²: 0.1784 | Val R²: -0.0664
Epoch 43500 | Train Loss: 0.023446 | Val Loss: 0.089694 | Train R²: 0.1790 | Val R²: -2.0131
Epoch 44000 | Train Loss: 0.023438 | Val Loss: 0.151933 | Train R²: 0.1793 | Val R²: -4.1040
Epoch 44500 | Train Loss: 0.023436 | Val Loss: 0.204168 | Train R²: 0.1793 | Val R²: -5.8587
Epoch 45000 | Train Loss: 0.023435 | Val Loss: 0.293803 | Train R²: 0.1794 | Val R²: -8.8699
Epoch 45500 | Train Loss: 0.023434 | Val Loss: 0.426310 | Train R²: 0.1794 | Val R²: -13.3212
Epoch 46000 | Train Loss: 0.023433 | Val Loss: 0.573415 | Train R²: 0.1794 | Val R²: -18.2630
Epoch 46500 | Train Loss: 0.023433 | Val Loss: 0.728764 | Train R²: 0.1795 | Val R²: -23.4817
Epoch 47000 | Train Loss: 0.023432 | Val Loss: 0.900978 | Train R²: 0.1795 | Val R²: -29.2670
Epoch 47500 | Train Loss: 0.023432 | Val Loss: 1.094920 | Train R²: 0.1795 | Val R²: -35.7821
Epoch 48000 | Train Loss: 0.023431 | Val Loss: 1.315960 | Train R²: 0.1795 | Val R²: -43.2076
Epoch 48500 | Train Loss: 0.023431 | Val Loss: 1.508396 | Train R²: 0.1795 | Val R²: -49.6723
Epoch 49000 | Train Loss: 0.023430 | Val Loss: 1.709042 | Train R²: 0.1796 | Val R²: -56.4126
Epoch 49500 | Train Loss: 0.023430 | Val Loss: 1.906246 | Train R²: 0.1796 | Val R²: -63.0374
Epoch 50000 | Train Loss: 0.023430 | Val Loss: 2.230014 | Train R²: 0.1796 | Val R²: -73.9139
Epoch 50500 | Train Loss: 0.023429 | Val Loss: 2.448925 | Train R²: 0.1796 | Val R²: -81.2679
Epoch 51000 | Train Loss: 0.023429 | Val Loss: 2.591144 | Train R²: 0.1796 | Val R²: -86.0455
Epoch 51500 | Train Loss: 0.023428 | Val Loss: 2.715450 | Train R²: 0.1796 | Val R²: -90.2214
Epoch 52000 | Train Loss: 0.023428 | Val Loss: 2.769453 | Train R²: 0.1796 | Val R²: -92.0355
Epoch 52500 | Train Loss: 0.023428 | Val Loss: 2.776368 | Train R²: 0.1796 | Val R²: -92.2678
Epoch 53000 | Train Loss: 0.023427 | Val Loss: 2.871700 | Train R²: 0.1797 | Val R²: -95.4703
Epoch 53500 | Train Loss: 0.023426 | Val Loss: 3.016761 | Train R²: 0.1797 | Val R²: -100.3434
Epoch 54000 | Train Loss: 0.023425 | Val Loss: 2.852585 | Train R²: 0.1797 | Val R²: -94.8282
Epoch 54500 | Train Loss: 0.023424 | Val Loss: 2.517580 | Train R²: 0.1798 | Val R²: -83.5742
Epoch 55000 | Train Loss: 0.023423 | Val Loss: 2.382173 | Train R²: 0.1798 | Val R²: -79.0254
Epoch 55500 | Train Loss: 0.023421 | Val Loss: 2.328882 | Train R²: 0.1799 | Val R²: -77.2352
Epoch 56000 | Train Loss: 0.023419 | Val Loss: 2.356830 | Train R²: 0.1799 | Val R²: -78.1741
Epoch 56500 | Train Loss: 0.023418 | Val Loss: 2.346472 | Train R²: 0.1800 | Val R²: -77.8261
Epoch 57000 | Train Loss: 0.023416 | Val Loss: 2.296183 | Train R²: 0.1800 | Val R²: -76.1367
Epoch 57500 | Train Loss: 0.023414 | Val Loss: 2.736096 | Train R²: 0.1801 | Val R²: -90.9149
Epoch 58000 | Train Loss: 0.023412 | Val Loss: 2.848962 | Train R²: 0.1802 | Val R²: -94.7065
Epoch 58500 | Train Loss: 0.023411 | Val Loss: 3.028528 | Train R²: 0.1802 | Val R²: -100.7387
Epoch 59000 | Train Loss: 0.023409 | Val Loss: 3.203876 | Train R²: 0.1803 | Val R²: -106.6293
Epoch 59500 | Train Loss: 0.023408 | Val Loss: 3.347617 | Train R²: 0.1803 | Val R²: -111.4580
Epoch 60000 | Train Loss: 0.023407 | Val Loss: 3.524859 | Train R²: 0.1804 | Val R²: -117.4122
Epoch 60500 | Train Loss: 0.023406 | Val Loss: 3.625486 | Train R²: 0.1804 | Val R²: -120.7926
Epoch 61000 | Train Loss: 0.023405 | Val Loss: 3.662575 | Train R²: 0.1804 | Val R²: -122.0386
Epoch 61500 | Train Loss: 0.023404 | Val Loss: 3.651928 | Train R²: 0.1805 | Val R²: -121.6809
Epoch 62000 | Train Loss: 0.023402 | Val Loss: 3.716076 | Train R²: 0.1805 | Val R²: -123.8358
Epoch 62500 | Train Loss: 0.023400 | Val Loss: 3.669923 | Train R²: 0.1806 | Val R²: -122.2854
Epoch 63000 | Train Loss: 0.023399 | Val Loss: 3.706661 | Train R²: 0.1807 | Val R²: -123.5195
Epoch 63500 | Train Loss: 0.023398 | Val Loss: 3.713116 | Train R²: 0.1807 | Val R²: -123.7364
Epoch 64000 | Train Loss: 0.023397 | Val Loss: 3.664920 | Train R²: 0.1807 | Val R²: -122.1173
Epoch 64500 | Train Loss: 0.023397 | Val Loss: 3.501547 | Train R²: 0.1807 | Val R²: -116.6291
Epoch 65000 | Train Loss: 0.023396 | Val Loss: 3.384247 | Train R²: 0.1808 | Val R²: -112.6886
Epoch 65500 | Train Loss: 0.023396 | Val Loss: 3.208335 | Train R²: 0.1808 | Val R²: -106.7791
Epoch 66000 | Train Loss: 0.023395 | Val Loss: 2.980578 | Train R²: 0.1808 | Val R²: -99.1279
Epoch 66500 | Train Loss: 0.023395 | Val Loss: 2.721859 | Train R²: 0.1808 | Val R²: -90.4367
Epoch 67000 | Train Loss: 0.023394 | Val Loss: 2.382435 | Train R²: 0.1808 | Val R²: -79.0342
Epoch 67500 | Train Loss: 0.023394 | Val Loss: 2.142908 | Train R²: 0.1808 | Val R²: -70.9877
Epoch 68000 | Train Loss: 0.023393 | Val Loss: 1.706133 | Train R²: 0.1809 | Val R²: -56.3149
Epoch 68500 | Train Loss: 0.023392 | Val Loss: 1.080682 | Train R²: 0.1809 | Val R²: -35.3039
Epoch 69000 | Train Loss: 0.023391 | Val Loss: 0.611554 | Train R²: 0.1809 | Val R²: -19.5442
Epoch 69500 | Train Loss: 0.023390 | Val Loss: 0.459626 | Train R²: 0.1810 | Val R²: -14.4404
Epoch 70000 | Train Loss: 0.023389 | Val Loss: 0.300159 | Train R²: 0.1810 | Val R²: -9.0834
Epoch 70500 | Train Loss: 0.023389 | Val Loss: 0.237600 | Train R²: 0.1810 | Val R²: -6.9818
Epoch 71000 | Train Loss: 0.023388 | Val Loss: 0.206552 | Train R²: 0.1810 | Val R²: -5.9388
Epoch 71500 | Train Loss: 0.023388 | Val Loss: 0.186406 | Train R²: 0.1810 | Val R²: -5.2620
Epoch 72000 | Train Loss: 0.023387 | Val Loss: 0.171098 | Train R²: 0.1811 | Val R²: -4.7478
Epoch 72500 | Train Loss: 0.023387 | Val Loss: 0.161189 | Train R²: 0.1811 | Val R²: -4.4149
Epoch 73000 | Train Loss: 0.023387 | Val Loss: 0.155049 | Train R²: 0.1811 | Val R²: -4.2086
Epoch 73500 | Train Loss: 0.023386 | Val Loss: 0.153529 | Train R²: 0.1811 | Val R²: -4.1576
Epoch 74000 | Train Loss: 0.023386 | Val Loss: 0.152337 | Train R²: 0.1811 | Val R²: -4.1175
Epoch 74500 | Train Loss: 0.023386 | Val Loss: 0.151689 | Train R²: 0.1811 | Val R²: -4.0957
Epoch 75000 | Train Loss: 0.023385 | Val Loss: 0.151175 | Train R²: 0.1811 | Val R²: -4.0785
Epoch 75500 | Train Loss: 0.023385 | Val Loss: 0.150886 | Train R²: 0.1811 | Val R²: -4.0688
Epoch 76000 | Train Loss: 0.023385 | Val Loss: 0.150722 | Train R²: 0.1811 | Val R²: -4.0633
Epoch 76500 | Train Loss: 0.023385 | Val Loss: 0.150613 | Train R²: 0.1811 | Val R²: -4.0596
Epoch 77000 | Train Loss: 0.023385 | Val Loss: 0.150558 | Train R²: 0.1812 | Val R²: -4.0578
Epoch 77500 | Train Loss: 0.023384 | Val Loss: 0.150518 | Train R²: 0.1812 | Val R²: -4.0564
Epoch 78000 | Train Loss: 0.023384 | Val Loss: 0.150484 | Train R²: 0.1812 | Val R²: -4.0553
Epoch 78500 | Train Loss: 0.023384 | Val Loss: 0.150457 | Train R²: 0.1812 | Val R²: -4.0544
Epoch 79000 | Train Loss: 0.023384 | Val Loss: 0.150439 | Train R²: 0.1812 | Val R²: -4.0538
Epoch 79500 | Train Loss: 0.023384 | Val Loss: 0.150427 | Train R²: 0.1812 | Val R²: -4.0534
Epoch 80000 | Train Loss: 0.023384 | Val Loss: 0.150416 | Train R²: 0.1812 | Val R²: -4.0530
Epoch 80500 | Train Loss: 0.023384 | Val Loss: 0.150410 | Train R²: 0.1812 | Val R²: -4.0528
Epoch 81000 | Train Loss: 0.023383 | Val Loss: 0.150403 | Train R²: 0.1812 | Val R²: -4.0525
Epoch 81500 | Train Loss: 0.023383 | Val Loss: 0.150396 | Train R²: 0.1812 | Val R²: -4.0523
Epoch 82000 | Train Loss: 0.023383 | Val Loss: 0.150383 | Train R²: 0.1812 | Val R²: -4.0519
Epoch 82500 | Train Loss: 0.023383 | Val Loss: 0.150374 | Train R²: 0.1812 | Val R²: -4.0516
Epoch 83000 | Train Loss: 0.023383 | Val Loss: 0.150362 | Train R²: 0.1812 | Val R²: -4.0512
Epoch 83500 | Train Loss: 0.023383 | Val Loss: 0.150354 | Train R²: 0.1812 | Val R²: -4.0509
Epoch 84000 | Train Loss: 0.023382 | Val Loss: 0.150351 | Train R²: 0.1812 | Val R²: -4.0508
Epoch 84500 | Train Loss: 0.023382 | Val Loss: 0.150329 | Train R²: 0.1812 | Val R²: -4.0501
Epoch 85000 | Train Loss: 0.023382 | Val Loss: 0.150297 | Train R²: 0.1812 | Val R²: -4.0490
Epoch 85500 | Train Loss: 0.023382 | Val Loss: 0.150268 | Train R²: 0.1813 | Val R²: -4.0480
Epoch 86000 | Train Loss: 0.023382 | Val Loss: 0.150230 | Train R²: 0.1813 | Val R²: -4.0467
Epoch 86500 | Train Loss: 0.023382 | Val Loss: 0.150183 | Train R²: 0.1813 | Val R²: -4.0452
Epoch 87000 | Train Loss: 0.023381 | Val Loss: 0.150126 | Train R²: 0.1813 | Val R²: -4.0432
Epoch 87500 | Train Loss: 0.023381 | Val Loss: 0.150047 | Train R²: 0.1813 | Val R²: -4.0406
Epoch 88000 | Train Loss: 0.023381 | Val Loss: 0.149962 | Train R²: 0.1813 | Val R²: -4.0378
Epoch 88500 | Train Loss: 0.023381 | Val Loss: 0.149868 | Train R²: 0.1813 | Val R²: -4.0346
Epoch 89000 | Train Loss: 0.023381 | Val Loss: 0.149748 | Train R²: 0.1813 | Val R²: -4.0305
Epoch 89500 | Train Loss: 0.023381 | Val Loss: 0.149616 | Train R²: 0.1813 | Val R²: -4.0261
Epoch 90000 | Train Loss: 0.023381 | Val Loss: 0.149449 | Train R²: 0.1813 | Val R²: -4.0205
Epoch 90500 | Train Loss: 0.023381 | Val Loss: 0.149270 | Train R²: 0.1813 | Val R²: -4.0145
Epoch 91000 | Train Loss: 0.023381 | Val Loss: 0.149077 | Train R²: 0.1813 | Val R²: -4.0080
Epoch 91500 | Train Loss: 0.023380 | Val Loss: 0.148918 | Train R²: 0.1813 | Val R²: -4.0027
Epoch 92000 | Train Loss: 0.023380 | Val Loss: 0.148621 | Train R²: 0.1813 | Val R²: -3.9927
Epoch 92500 | Train Loss: 0.023380 | Val Loss: 0.148150 | Train R²: 0.1813 | Val R²: -3.9769
Epoch 93000 | Train Loss: 0.023380 | Val Loss: 0.147540 | Train R²: 0.1813 | Val R²: -3.9564
Epoch 93500 | Train Loss: 0.023380 | Val Loss: 0.147032 | Train R²: 0.1813 | Val R²: -3.9393
Epoch 94000 | Train Loss: 0.023380 | Val Loss: 0.146426 | Train R²: 0.1813 | Val R²: -3.9190
Epoch 94500 | Train Loss: 0.023380 | Val Loss: 0.145726 | Train R²: 0.1813 | Val R²: -3.8954
Epoch 95000 | Train Loss: 0.023380 | Val Loss: 0.145053 | Train R²: 0.1813 | Val R²: -3.8728
Epoch 95500 | Train Loss: 0.023380 | Val Loss: 0.143967 | Train R²: 0.1813 | Val R²: -3.8364
Epoch 96000 | Train Loss: 0.023380 | Val Loss: 0.142497 | Train R²: 0.1813 | Val R²: -3.7870
Epoch 96500 | Train Loss: 0.023379 | Val Loss: 0.141249 | Train R²: 0.1813 | Val R²: -3.7450
Epoch 97000 | Train Loss: 0.023379 | Val Loss: 0.139869 | Train R²: 0.1813 | Val R²: -3.6987
Epoch 97500 | Train Loss: 0.023379 | Val Loss: 0.138367 | Train R²: 0.1813 | Val R²: -3.6482
Epoch 98000 | Train Loss: 0.023379 | Val Loss: 0.136909 | Train R²: 0.1813 | Val R²: -3.5993
Epoch 98500 | Train Loss: 0.023379 | Val Loss: 0.134372 | Train R²: 0.1814 | Val R²: -3.5140
Epoch 99000 | Train Loss: 0.023379 | Val Loss: 0.131959 | Train R²: 0.1814 | Val R²: -3.4330
Epoch 99500 | Train Loss: 0.023379 | Val Loss: 0.129611 | Train R²: 0.1814 | Val R²: -3.3541
Epoch 99999 | Train Loss: 0.023379 | Val Loss: 0.127437 | Train R²: 0.1814 | Val R²: -3.2811
