created virtual environment CPython3.10.13.final.0-64 in 14518ms
  creator CPython3Posix(dest=/localscratch/onurk.63912262.0/env, clear=False, no_vcs_ignore=False, global=False)
  seeder FromAppData(download=False, pip=bundle, setuptools=bundle, wheel=bundle, via=copy, app_data_dir=/home/onurk/.local/share/virtualenv)
    added seed packages: pip==25.1.1, setuptools==80.9.0, wheel==0.45.1+computecanada
  activators BashActivator,CShellActivator,FishActivator,NushellActivator,PowerShellActivator,PythonActivator
Looking in links: /cvmfs/soft.computecanada.ca/custom/python/wheelhouse/gentoo2023/x86-64-v3, /cvmfs/soft.computecanada.ca/custom/python/wheelhouse/gentoo2023/generic, /cvmfs/soft.computecanada.ca/custom/python/wheelhouse/generic
Processing /cvmfs/soft.computecanada.ca/custom/python/wheelhouse/gentoo2023/x86-64-v3/torch-2.6.0+computecanada-cp310-cp310-linux_x86_64.whl
Processing /cvmfs/soft.computecanada.ca/custom/python/wheelhouse/generic/filelock-3.18.0+computecanada-py3-none-any.whl (from torch)
Requirement already satisfied: typing-extensions>=4.10.0 in /cvmfs/soft.computecanada.ca/easybuild/software/2023/x86-64-v3/Compiler/gcccore/ipykernel/2025a/lib/python3.10/site-packages (from torch) (4.12.2+computecanada)
Processing /cvmfs/soft.computecanada.ca/custom/python/wheelhouse/generic/networkx-3.5+computecanada-py3-none-any.whl (from torch)
Processing /cvmfs/soft.computecanada.ca/custom/python/wheelhouse/generic/jinja2-3.1.6+computecanada-py3-none-any.whl (from torch)
Processing /cvmfs/soft.computecanada.ca/custom/python/wheelhouse/generic/fsspec-2025.5.1+computecanada-py3-none-any.whl (from torch)
Processing /cvmfs/soft.computecanada.ca/custom/python/wheelhouse/generic/sympy-1.13.1+computecanada-py3-none-any.whl (from torch)
Requirement already satisfied: mpmath<1.4,>=1.1.0 in /cvmfs/soft.computecanada.ca/easybuild/software/2023/x86-64-v3/Compiler/gcccore/scipy-stack/2025a/lib/python3.10/site-packages (from sympy==1.13.1->torch) (1.3.0+computecanada)
Processing /cvmfs/soft.computecanada.ca/custom/python/wheelhouse/generic/MarkupSafe-2.1.5+computecanada-cp310-cp310-linux_x86_64.whl (from jinja2->torch)
INFO: pip is looking at multiple versions of networkx to determine which version is compatible with other requirements. This could take a while.
Processing /cvmfs/soft.computecanada.ca/custom/python/wheelhouse/generic/networkx-3.4.2+computecanada-py3-none-any.whl (from torch)
Installing collected packages: sympy, networkx, MarkupSafe, fsspec, filelock, jinja2, torch
  Attempting uninstall: sympy
    Found existing installation: sympy 1.13.3+computecanada
    Not uninstalling sympy at /cvmfs/soft.computecanada.ca/easybuild/software/2023/x86-64-v3/Compiler/gcccore/scipy-stack/2025a/lib/python3.10/site-packages, outside environment /localscratch/onurk.63912262.0/env
    Can't uninstall 'sympy'. No files were found to uninstall.

Successfully installed MarkupSafe-2.1.5+computecanada filelock-3.18.0+computecanada fsspec-2025.5.1+computecanada jinja2-3.1.6+computecanada networkx-3.4.2+computecanada sympy-1.13.1+computecanada torch-2.6.0+computecanada
gpp_input_names,  ['SW_IN_RAW', 'SW_IN', 'VPD', 'TA', 'WTD', 'WS', 'PotRad', 'PotRadHalfHourlyDiff', 'PotRadDailyAvg', 'PotRadDailyDiff', 'WD_COS', 'WD_SIN', 'GPP_PROX'] 
reco_input_names,  ['DOY_sin', 'DOY_cos', 'TA', 'TS_1', 'TS_2', 'TS_3', 'TS_4', 'WTD', 'WS', 'WD_COS', 'WD_SIN', 'NIGHTLY_NEE_AVG'] 
true_nee_name,  ['NEE'] 

Tramontana Running on GPU With hidden layer size of 12 Total epochs: 100000 lr: 0.001
SNN_GPP_Tram(
  (net): Sequential(
    (0): Linear(in_features=12, out_features=12, bias=True)
    (1): Tanh()
    (2): Linear(in_features=12, out_features=12, bias=True)
    (3): Tanh()
    (4): Linear(in_features=12, out_features=1, bias=True)
    (5): Sigmoid()
  )
)
SNN_RECO_Tram(
  (net): Sequential(
    (0): Linear(in_features=12, out_features=12, bias=True)
    (1): Tanh()
    (2): Linear(in_features=12, out_features=12, bias=True)
    (3): Tanh()
    (4): Linear(in_features=12, out_features=1, bias=True)
    (5): Sigmoid()
  )
)
Tramontana True
Epoch     0 | Train Loss: 15217.327148 | Val Loss: 15587.286133 | Train R²: -532855.1875 | Val R²: -523629.9062
Epoch   500 | Train Loss: 88.096741 | Val Loss: 91.012352 | Train R²: -3083.8318 | Val R²: -3056.4197
Epoch  1000 | Train Loss: 26.906324 | Val Loss: 27.861906 | Train R²: -941.1629 | Val R²: -934.9778
Epoch  1500 | Train Loss: 13.242173 | Val Loss: 13.725713 | Train R²: -462.6935 | Val R²: -460.0941
Epoch  2000 | Train Loss: 7.833070 | Val Loss: 8.123879 | Train R²: -273.2860 | Val R²: -271.9092
Epoch  2500 | Train Loss: 5.102587 | Val Loss: 5.294314 | Train R²: -177.6743 | Val R²: -176.8543
Epoch  3000 | Train Loss: 3.524560 | Val Loss: 3.658289 | Train R²: -122.4175 | Val R²: -121.8946
Epoch  3500 | Train Loss: 2.531198 | Val Loss: 2.628059 | Train R²: -87.6335 | Val R²: -87.2856
Epoch  4000 | Train Loss: 1.868518 | Val Loss: 1.940581 | Train R²: -64.4288 | Val R²: -64.1908
Epoch  4500 | Train Loss: 1.407802 | Val Loss: 1.462503 | Train R²: -48.2962 | Val R²: -48.1305
Epoch  5000 | Train Loss: 1.077636 | Val Loss: 1.119815 | Train R²: -36.7350 | Val R²: -36.6184
Epoch  5500 | Train Loss: 0.835565 | Val Loss: 0.868506 | Train R²: -28.2585 | Val R²: -28.1761
Epoch  6000 | Train Loss: 0.654948 | Val Loss: 0.680957 | Train R²: -21.9339 | Val R²: -21.8757
Epoch  6500 | Train Loss: 0.518327 | Val Loss: 0.539062 | Train R²: -17.1500 | Val R²: -17.1090
Epoch  7000 | Train Loss: 0.413851 | Val Loss: 0.430529 | Train R²: -13.4916 | Val R²: -13.4630
Epoch  7500 | Train Loss: 0.333255 | Val Loss: 0.346785 | Train R²: -10.6694 | Val R²: -10.6497
Epoch  8000 | Train Loss: 0.270620 | Val Loss: 0.281689 | Train R²: -8.4761 | Val R²: -8.4629
Epoch  8500 | Train Loss: 0.221642 | Val Loss: 0.230775 | Train R²: -6.7611 | Val R²: -6.7525
Epoch  9000 | Train Loss: 0.183139 | Val Loss: 0.190739 | Train R²: -5.4129 | Val R²: -5.4076
Epoch  9500 | Train Loss: 0.152726 | Val Loss: 0.159107 | Train R²: -4.3479 | Val R²: -4.3449
Epoch 10000 | Train Loss: 0.128599 | Val Loss: 0.134006 | Train R²: -3.5031 | Val R²: -3.5017
Epoch 10500 | Train Loss: 0.109382 | Val Loss: 0.114007 | Train R²: -2.8302 | Val R²: -2.8299
Epoch 11000 | Train Loss: 0.094018 | Val Loss: 0.098014 | Train R²: -2.2922 | Val R²: -2.2926
Epoch 11500 | Train Loss: 0.081690 | Val Loss: 0.085177 | Train R²: -1.8605 | Val R²: -1.8614
Epoch 12000 | Train Loss: 0.071765 | Val Loss: 0.074839 | Train R²: -1.5130 | Val R²: -1.5141
Epoch 12500 | Train Loss: 0.063748 | Val Loss: 0.066485 | Train R²: -1.2322 | Val R²: -1.2335
Epoch 13000 | Train Loss: 0.057251 | Val Loss: 0.059714 | Train R²: -1.0047 | Val R²: -1.0060
Epoch 13500 | Train Loss: 0.051966 | Val Loss: 0.054204 | Train R²: -0.8197 | Val R²: -0.8209
Epoch 14000 | Train Loss: 0.047642 | Val Loss: 0.049693 | Train R²: -0.6683 | Val R²: -0.6693
Epoch 14500 | Train Loss: 0.042284 | Val Loss: 0.044076 | Train R²: -0.4806 | Val R²: -0.4807
Epoch 15000 | Train Loss: 0.038619 | Val Loss: 0.040251 | Train R²: -0.3523 | Val R²: -0.3522
Epoch 15500 | Train Loss: 0.035776 | Val Loss: 0.037333 | Train R²: -0.2527 | Val R²: -0.2541
Epoch 16000 | Train Loss: 0.033494 | Val Loss: 0.034979 | Train R²: -0.1728 | Val R²: -0.1751
Epoch 16500 | Train Loss: 0.031546 | Val Loss: 0.032983 | Train R²: -0.1046 | Val R²: -0.1080
Epoch 17000 | Train Loss: 0.029978 | Val Loss: 0.031384 | Train R²: -0.0497 | Val R²: -0.0543
Epoch 17500 | Train Loss: 0.028725 | Val Loss: 0.030105 | Train R²: -0.0059 | Val R²: -0.0113
Epoch 18000 | Train Loss: 0.027709 | Val Loss: 0.029065 | Train R²: 0.0297 | Val R²: 0.0236
Epoch 18500 | Train Loss: 0.026868 | Val Loss: 0.028212 | Train R²: 0.0592 | Val R²: 0.0523
Epoch 19000 | Train Loss: 0.026181 | Val Loss: 0.027512 | Train R²: 0.0832 | Val R²: 0.0758
Epoch 19500 | Train Loss: 0.025619 | Val Loss: 0.026939 | Train R²: 0.1029 | Val R²: 0.0950
Epoch 20000 | Train Loss: 0.025153 | Val Loss: 0.026463 | Train R²: 0.1192 | Val R²: 0.1110
Epoch 20500 | Train Loss: 0.024774 | Val Loss: 0.026073 | Train R²: 0.1325 | Val R²: 0.1241
Epoch 21000 | Train Loss: 0.024468 | Val Loss: 0.025761 | Train R²: 0.1432 | Val R²: 0.1346
Epoch 21500 | Train Loss: 0.024226 | Val Loss: 0.025514 | Train R²: 0.1517 | Val R²: 0.1429
Epoch 22000 | Train Loss: 0.024037 | Val Loss: 0.025316 | Train R²: 0.1583 | Val R²: 0.1495
Epoch 22500 | Train Loss: 0.023887 | Val Loss: 0.025160 | Train R²: 0.1636 | Val R²: 0.1548
Epoch 23000 | Train Loss: 0.023768 | Val Loss: 0.025039 | Train R²: 0.1677 | Val R²: 0.1589
Epoch 23500 | Train Loss: 0.023674 | Val Loss: 0.024943 | Train R²: 0.1710 | Val R²: 0.1621
Epoch 24000 | Train Loss: 0.023598 | Val Loss: 0.024866 | Train R²: 0.1737 | Val R²: 0.1647
Epoch 24500 | Train Loss: 0.023538 | Val Loss: 0.024805 | Train R²: 0.1758 | Val R²: 0.1667
Epoch 25000 | Train Loss: 0.023489 | Val Loss: 0.024757 | Train R²: 0.1775 | Val R²: 0.1683
Epoch 25500 | Train Loss: 0.023446 | Val Loss: 0.024721 | Train R²: 0.1790 | Val R²: 0.1695
Epoch 26000 | Train Loss: 0.023413 | Val Loss: 0.024694 | Train R²: 0.1802 | Val R²: 0.1704
Epoch 26500 | Train Loss: 0.023387 | Val Loss: 0.024671 | Train R²: 0.1811 | Val R²: 0.1712
Epoch 27000 | Train Loss: 0.023366 | Val Loss: 0.024654 | Train R²: 0.1818 | Val R²: 0.1718
Epoch 27500 | Train Loss: 0.023350 | Val Loss: 0.024638 | Train R²: 0.1824 | Val R²: 0.1723
Epoch 28000 | Train Loss: 0.023336 | Val Loss: 0.024626 | Train R²: 0.1829 | Val R²: 0.1727
Epoch 28500 | Train Loss: 0.023325 | Val Loss: 0.024616 | Train R²: 0.1832 | Val R²: 0.1731
Epoch 29000 | Train Loss: 0.023317 | Val Loss: 0.024608 | Train R²: 0.1835 | Val R²: 0.1733
Epoch 29500 | Train Loss: 0.023309 | Val Loss: 0.024603 | Train R²: 0.1838 | Val R²: 0.1735
Epoch 30000 | Train Loss: 0.023303 | Val Loss: 0.024597 | Train R²: 0.1840 | Val R²: 0.1737
Epoch 30500 | Train Loss: 0.023298 | Val Loss: 0.024593 | Train R²: 0.1842 | Val R²: 0.1738
Epoch 31000 | Train Loss: 0.023293 | Val Loss: 0.024589 | Train R²: 0.1844 | Val R²: 0.1740
Epoch 31500 | Train Loss: 0.023289 | Val Loss: 0.024587 | Train R²: 0.1845 | Val R²: 0.1740
Epoch 32000 | Train Loss: 0.023285 | Val Loss: 0.024585 | Train R²: 0.1846 | Val R²: 0.1741
Epoch 32500 | Train Loss: 0.023281 | Val Loss: 0.024583 | Train R²: 0.1848 | Val R²: 0.1742
Epoch 33000 | Train Loss: 0.023278 | Val Loss: 0.024581 | Train R²: 0.1849 | Val R²: 0.1742
Epoch 33500 | Train Loss: 0.023275 | Val Loss: 0.024690 | Train R²: 0.1850 | Val R²: 0.1706
Epoch 34000 | Train Loss: 0.023272 | Val Loss: 0.024708 | Train R²: 0.1851 | Val R²: 0.1700
Epoch 34500 | Train Loss: 0.023269 | Val Loss: 0.024727 | Train R²: 0.1852 | Val R²: 0.1693
Epoch 35000 | Train Loss: 0.023266 | Val Loss: 0.024755 | Train R²: 0.1853 | Val R²: 0.1684
Epoch 35500 | Train Loss: 0.023263 | Val Loss: 0.024787 | Train R²: 0.1854 | Val R²: 0.1673
Epoch 36000 | Train Loss: 0.023261 | Val Loss: 0.024825 | Train R²: 0.1855 | Val R²: 0.1660
Epoch 36500 | Train Loss: 0.023259 | Val Loss: 0.024868 | Train R²: 0.1855 | Val R²: 0.1646
Epoch 37000 | Train Loss: 0.023257 | Val Loss: 0.024920 | Train R²: 0.1856 | Val R²: 0.1629
Epoch 37500 | Train Loss: 0.023256 | Val Loss: 0.024983 | Train R²: 0.1857 | Val R²: 0.1607
Epoch 38000 | Train Loss: 0.023254 | Val Loss: 0.025062 | Train R²: 0.1857 | Val R²: 0.1581
Epoch 38500 | Train Loss: 0.023252 | Val Loss: 0.025165 | Train R²: 0.1858 | Val R²: 0.1546
Epoch 39000 | Train Loss: 0.023251 | Val Loss: 0.025301 | Train R²: 0.1858 | Val R²: 0.1501
Epoch 39500 | Train Loss: 0.023250 | Val Loss: 0.025488 | Train R²: 0.1859 | Val R²: 0.1438
Epoch 40000 | Train Loss: 0.023248 | Val Loss: 0.025762 | Train R²: 0.1859 | Val R²: 0.1346
Epoch 40500 | Train Loss: 0.023247 | Val Loss: 0.026163 | Train R²: 0.1860 | Val R²: 0.1211
Epoch 41000 | Train Loss: 0.023246 | Val Loss: 0.026584 | Train R²: 0.1860 | Val R²: 0.1070
Epoch 41500 | Train Loss: 0.023245 | Val Loss: 0.026817 | Train R²: 0.1861 | Val R²: 0.0991
Epoch 42000 | Train Loss: 0.023243 | Val Loss: 0.026867 | Train R²: 0.1861 | Val R²: 0.0974
Epoch 42500 | Train Loss: 0.023242 | Val Loss: 0.026721 | Train R²: 0.1862 | Val R²: 0.1023
Epoch 43000 | Train Loss: 0.023240 | Val Loss: 0.026434 | Train R²: 0.1862 | Val R²: 0.1120
Epoch 43500 | Train Loss: 0.023239 | Val Loss: 0.026078 | Train R²: 0.1863 | Val R²: 0.1239
Epoch 44000 | Train Loss: 0.023238 | Val Loss: 0.025694 | Train R²: 0.1863 | Val R²: 0.1369
Epoch 44500 | Train Loss: 0.023236 | Val Loss: 0.025309 | Train R²: 0.1863 | Val R²: 0.1498
Epoch 45000 | Train Loss: 0.023236 | Val Loss: 0.024948 | Train R²: 0.1864 | Val R²: 0.1619
Epoch 45500 | Train Loss: 0.023234 | Val Loss: 0.024653 | Train R²: 0.1864 | Val R²: 0.1718
Epoch 46000 | Train Loss: 0.023233 | Val Loss: 0.024549 | Train R²: 0.1865 | Val R²: 0.1753
Epoch 46500 | Train Loss: 0.023232 | Val Loss: 0.024575 | Train R²: 0.1865 | Val R²: 0.1745
Epoch 47000 | Train Loss: 0.023231 | Val Loss: 0.025201 | Train R²: 0.1865 | Val R²: 0.1534
Epoch 47500 | Train Loss: 0.023230 | Val Loss: 0.032531 | Train R²: 0.1866 | Val R²: -0.0928
Epoch 48000 | Train Loss: 0.023229 | Val Loss: 0.063515 | Train R²: 0.1866 | Val R²: -1.1337
Epoch 48500 | Train Loss: 0.023228 | Val Loss: 0.080421 | Train R²: 0.1866 | Val R²: -1.7016
Epoch 49000 | Train Loss: 0.023227 | Val Loss: 0.156605 | Train R²: 0.1867 | Val R²: -4.2609
Epoch 49500 | Train Loss: 0.023227 | Val Loss: 0.077178 | Train R²: 0.1867 | Val R²: -1.5927
Epoch 50000 | Train Loss: 0.023226 | Val Loss: 0.043509 | Train R²: 0.1867 | Val R²: -0.4616
Epoch 50500 | Train Loss: 0.023225 | Val Loss: 0.034724 | Train R²: 0.1867 | Val R²: -0.1665
Epoch 51000 | Train Loss: 0.023224 | Val Loss: 0.034456 | Train R²: 0.1868 | Val R²: -0.1575
Epoch 51500 | Train Loss: 0.023223 | Val Loss: 0.034910 | Train R²: 0.1868 | Val R²: -0.1727
Epoch 52000 | Train Loss: 0.023223 | Val Loss: 0.035461 | Train R²: 0.1868 | Val R²: -0.1913
Epoch 52500 | Train Loss: 0.023222 | Val Loss: 0.035873 | Train R²: 0.1868 | Val R²: -0.2051
Epoch 53000 | Train Loss: 0.023221 | Val Loss: 0.035981 | Train R²: 0.1869 | Val R²: -0.2087
Epoch 53500 | Train Loss: 0.023221 | Val Loss: 0.035893 | Train R²: 0.1869 | Val R²: -0.2058
Epoch 54000 | Train Loss: 0.023220 | Val Loss: 0.035435 | Train R²: 0.1869 | Val R²: -0.1904
Epoch 54500 | Train Loss: 0.023219 | Val Loss: 0.034685 | Train R²: 0.1869 | Val R²: -0.1652
Epoch 55000 | Train Loss: 0.023218 | Val Loss: 0.033567 | Train R²: 0.1870 | Val R²: -0.1276
Epoch 55500 | Train Loss: 0.023218 | Val Loss: 0.033559 | Train R²: 0.1870 | Val R²: -0.1274
Epoch 56000 | Train Loss: 0.023217 | Val Loss: 0.030981 | Train R²: 0.1870 | Val R²: -0.0408
Epoch 56500 | Train Loss: 0.023215 | Val Loss: 0.438340 | Train R²: 0.1871 | Val R²: -13.7254
Epoch 57000 | Train Loss: 0.023214 | Val Loss: 1.643570 | Train R²: 0.1871 | Val R²: -54.2132
Epoch 57500 | Train Loss: 0.023214 | Val Loss: 3.006281 | Train R²: 0.1871 | Val R²: -99.9913
Epoch 58000 | Train Loss: 0.023212 | Val Loss: 3.852100 | Train R²: 0.1872 | Val R²: -128.4054
Epoch 58500 | Train Loss: 0.023163 | Val Loss: 0.257733 | Train R²: 0.1889 | Val R²: -7.6581
Epoch 59000 | Train Loss: 0.023149 | Val Loss: 1.673037 | Train R²: 0.1894 | Val R²: -55.2031
Epoch 59500 | Train Loss: 0.023144 | Val Loss: 3.403492 | Train R²: 0.1896 | Val R²: -113.3351
Epoch 60000 | Train Loss: 0.023139 | Val Loss: 3.761463 | Train R²: 0.1897 | Val R²: -125.3606
Epoch 60500 | Train Loss: 0.023135 | Val Loss: 3.800920 | Train R²: 0.1899 | Val R²: -126.6861
Epoch 61000 | Train Loss: 0.023131 | Val Loss: 3.467182 | Train R²: 0.1900 | Val R²: -115.4747
Epoch 61500 | Train Loss: 0.023128 | Val Loss: 2.945592 | Train R²: 0.1902 | Val R²: -97.9526
Epoch 62000 | Train Loss: 0.023124 | Val Loss: 2.873863 | Train R²: 0.1903 | Val R²: -95.5430
Epoch 62500 | Train Loss: 0.023121 | Val Loss: 3.205829 | Train R²: 0.1904 | Val R²: -106.6949
Epoch 63000 | Train Loss: 0.023118 | Val Loss: 2.700842 | Train R²: 0.1905 | Val R²: -89.7306
Epoch 63500 | Train Loss: 0.023115 | Val Loss: 1.675627 | Train R²: 0.1906 | Val R²: -55.2901
Epoch 64000 | Train Loss: 0.023112 | Val Loss: 0.792753 | Train R²: 0.1907 | Val R²: -25.6313
Epoch 64500 | Train Loss: 0.023109 | Val Loss: 0.431571 | Train R²: 0.1908 | Val R²: -13.4980
Epoch 65000 | Train Loss: 0.023108 | Val Loss: 0.267016 | Train R²: 0.1909 | Val R²: -7.9700
Epoch 65500 | Train Loss: 0.023105 | Val Loss: 0.182447 | Train R²: 0.1909 | Val R²: -5.1290
Epoch 66000 | Train Loss: 0.023103 | Val Loss: 0.152826 | Train R²: 0.1910 | Val R²: -4.1340
Epoch 66500 | Train Loss: 0.023102 | Val Loss: 0.143666 | Train R²: 0.1911 | Val R²: -3.8262
Epoch 67000 | Train Loss: 0.023100 | Val Loss: 0.139382 | Train R²: 0.1911 | Val R²: -3.6823
Epoch 67500 | Train Loss: 0.023099 | Val Loss: 0.136822 | Train R²: 0.1912 | Val R²: -3.5963
Epoch 68000 | Train Loss: 0.023097 | Val Loss: 0.134832 | Train R²: 0.1912 | Val R²: -3.5295
Epoch 68500 | Train Loss: 0.023096 | Val Loss: 0.132396 | Train R²: 0.1913 | Val R²: -3.4476
Epoch 69000 | Train Loss: 0.023095 | Val Loss: 0.127459 | Train R²: 0.1913 | Val R²: -3.2818
Epoch 69500 | Train Loss: 0.023093 | Val Loss: 0.120260 | Train R²: 0.1914 | Val R²: -3.0400
Epoch 70000 | Train Loss: 0.023092 | Val Loss: 0.113107 | Train R²: 0.1914 | Val R²: -2.7997
Epoch 70500 | Train Loss: 0.023091 | Val Loss: 0.109013 | Train R²: 0.1914 | Val R²: -2.6621
Epoch 71000 | Train Loss: 0.023090 | Val Loss: 0.107680 | Train R²: 0.1915 | Val R²: -2.6174
Epoch 71500 | Train Loss: 0.023088 | Val Loss: 0.108329 | Train R²: 0.1915 | Val R²: -2.6391
Epoch 72000 | Train Loss: 0.023087 | Val Loss: 0.109086 | Train R²: 0.1916 | Val R²: -2.6646
Epoch 72500 | Train Loss: 0.023087 | Val Loss: 0.109602 | Train R²: 0.1916 | Val R²: -2.6819
Epoch 73000 | Train Loss: 0.023085 | Val Loss: 0.108545 | Train R²: 0.1916 | Val R²: -2.6464
Epoch 73500 | Train Loss: 0.023084 | Val Loss: 0.107321 | Train R²: 0.1917 | Val R²: -2.6053
Epoch 74000 | Train Loss: 0.023083 | Val Loss: 0.104987 | Train R²: 0.1917 | Val R²: -2.5269
Epoch 74500 | Train Loss: 0.023083 | Val Loss: 0.102481 | Train R²: 0.1917 | Val R²: -2.4427
Epoch 75000 | Train Loss: 0.023082 | Val Loss: 0.099823 | Train R²: 0.1917 | Val R²: -2.3534
Epoch 75500 | Train Loss: 0.023081 | Val Loss: 0.096970 | Train R²: 0.1918 | Val R²: -2.2576
Epoch 76000 | Train Loss: 0.023080 | Val Loss: 0.090741 | Train R²: 0.1918 | Val R²: -2.0483
Epoch 76500 | Train Loss: 0.023080 | Val Loss: 0.086206 | Train R²: 0.1918 | Val R²: -1.8960
Epoch 77000 | Train Loss: 0.023079 | Val Loss: 0.081030 | Train R²: 0.1918 | Val R²: -1.7221
Epoch 77500 | Train Loss: 0.023079 | Val Loss: 0.076617 | Train R²: 0.1919 | Val R²: -1.5738
Epoch 78000 | Train Loss: 0.023078 | Val Loss: 0.070419 | Train R²: 0.1919 | Val R²: -1.3656
Epoch 78500 | Train Loss: 0.023077 | Val Loss: 0.063204 | Train R²: 0.1919 | Val R²: -1.1232
Epoch 79000 | Train Loss: 0.023077 | Val Loss: 0.055731 | Train R²: 0.1919 | Val R²: -0.8722
Epoch 79500 | Train Loss: 0.023076 | Val Loss: 0.048315 | Train R²: 0.1920 | Val R²: -0.6231
Epoch 80000 | Train Loss: 0.023076 | Val Loss: 0.041822 | Train R²: 0.1920 | Val R²: -0.4049
Epoch 80500 | Train Loss: 0.023075 | Val Loss: 0.036085 | Train R²: 0.1920 | Val R²: -0.2122
Epoch 81000 | Train Loss: 0.023075 | Val Loss: 0.031955 | Train R²: 0.1920 | Val R²: -0.0735
Epoch 81500 | Train Loss: 0.023074 | Val Loss: 0.028999 | Train R²: 0.1920 | Val R²: 0.0258
Epoch 82000 | Train Loss: 0.023074 | Val Loss: 0.027144 | Train R²: 0.1920 | Val R²: 0.0881
Epoch 82500 | Train Loss: 0.023073 | Val Loss: 0.026018 | Train R²: 0.1920 | Val R²: 0.1260
Epoch 83000 | Train Loss: 0.023073 | Val Loss: 0.025370 | Train R²: 0.1921 | Val R²: 0.1477
Epoch 83500 | Train Loss: 0.023073 | Val Loss: 0.025028 | Train R²: 0.1921 | Val R²: 0.1592
Epoch 84000 | Train Loss: 0.023072 | Val Loss: 0.024850 | Train R²: 0.1921 | Val R²: 0.1652
Epoch 84500 | Train Loss: 0.023072 | Val Loss: 0.024754 | Train R²: 0.1921 | Val R²: 0.1684
Epoch 85000 | Train Loss: 0.023071 | Val Loss: 0.024736 | Train R²: 0.1921 | Val R²: 0.1690
Epoch 85500 | Train Loss: 0.023071 | Val Loss: 0.024744 | Train R²: 0.1921 | Val R²: 0.1688
Epoch 86000 | Train Loss: 0.023071 | Val Loss: 0.024762 | Train R²: 0.1922 | Val R²: 0.1681
Epoch 86500 | Train Loss: 0.023070 | Val Loss: 0.024797 | Train R²: 0.1922 | Val R²: 0.1670
Epoch 87000 | Train Loss: 0.023069 | Val Loss: 0.024817 | Train R²: 0.1922 | Val R²: 0.1663
Epoch 87500 | Train Loss: 0.023069 | Val Loss: 0.024816 | Train R²: 0.1922 | Val R²: 0.1663
Epoch 88000 | Train Loss: 0.023068 | Val Loss: 0.024813 | Train R²: 0.1922 | Val R²: 0.1664
Epoch 88500 | Train Loss: 0.023068 | Val Loss: 0.024803 | Train R²: 0.1923 | Val R²: 0.1668
Epoch 89000 | Train Loss: 0.023067 | Val Loss: 0.024796 | Train R²: 0.1923 | Val R²: 0.1670
Epoch 89500 | Train Loss: 0.023067 | Val Loss: 0.024793 | Train R²: 0.1923 | Val R²: 0.1671
Epoch 90000 | Train Loss: 0.023066 | Val Loss: 0.024802 | Train R²: 0.1923 | Val R²: 0.1668
Epoch 90500 | Train Loss: 0.023065 | Val Loss: 0.024809 | Train R²: 0.1923 | Val R²: 0.1666
Epoch 91000 | Train Loss: 0.023065 | Val Loss: 0.024842 | Train R²: 0.1923 | Val R²: 0.1655
Epoch 91500 | Train Loss: 0.023064 | Val Loss: 0.024848 | Train R²: 0.1924 | Val R²: 0.1653
Epoch 92000 | Train Loss: 0.023064 | Val Loss: 0.024884 | Train R²: 0.1924 | Val R²: 0.1641
Epoch 92500 | Train Loss: 0.023063 | Val Loss: 0.024912 | Train R²: 0.1924 | Val R²: 0.1631
Epoch 93000 | Train Loss: 0.023063 | Val Loss: 0.024966 | Train R²: 0.1924 | Val R²: 0.1613
Epoch 93500 | Train Loss: 0.023062 | Val Loss: 0.024979 | Train R²: 0.1925 | Val R²: 0.1609
Epoch 94000 | Train Loss: 0.023061 | Val Loss: 0.025000 | Train R²: 0.1925 | Val R²: 0.1602
Epoch 94500 | Train Loss: 0.023061 | Val Loss: 0.025028 | Train R²: 0.1925 | Val R²: 0.1592
Epoch 95000 | Train Loss: 0.023061 | Val Loss: 0.025086 | Train R²: 0.1925 | Val R²: 0.1573
Epoch 95500 | Train Loss: 0.023060 | Val Loss: 0.025091 | Train R²: 0.1925 | Val R²: 0.1571
Epoch 96000 | Train Loss: 0.023059 | Val Loss: 0.025130 | Train R²: 0.1925 | Val R²: 0.1558
Epoch 96500 | Train Loss: 0.023059 | Val Loss: 0.025158 | Train R²: 0.1926 | Val R²: 0.1549
Epoch 97000 | Train Loss: 0.023058 | Val Loss: 0.025191 | Train R²: 0.1926 | Val R²: 0.1538
Epoch 97500 | Train Loss: 0.023058 | Val Loss: 0.025185 | Train R²: 0.1926 | Val R²: 0.1539
Epoch 98000 | Train Loss: 0.023057 | Val Loss: 0.025190 | Train R²: 0.1926 | Val R²: 0.1538
Epoch 98500 | Train Loss: 0.023057 | Val Loss: 0.025239 | Train R²: 0.1926 | Val R²: 0.1521
Epoch 99000 | Train Loss: 0.023056 | Val Loss: 0.025246 | Train R²: 0.1927 | Val R²: 0.1519
Epoch 99500 | Train Loss: 0.023056 | Val Loss: 0.025280 | Train R²: 0.1927 | Val R²: 0.1508
Epoch 99999 | Train Loss: 0.023055 | Val Loss: 0.025311 | Train R²: 0.1927 | Val R²: 0.1497
