created virtual environment CPython3.10.13.final.0-64 in 25324ms
  creator CPython3Posix(dest=/localscratch/onurk.64946729.0/env, clear=False, no_vcs_ignore=False, global=False)
  seeder FromAppData(download=False, pip=bundle, setuptools=bundle, wheel=bundle, via=copy, app_data_dir=/home/onurk/.local/share/virtualenv)
    added seed packages: pip==25.1.1, setuptools==80.9.0, wheel==0.45.1+computecanada
  activators BashActivator,CShellActivator,FishActivator,NushellActivator,PowerShellActivator,PythonActivator
Looking in links: /cvmfs/soft.computecanada.ca/custom/python/wheelhouse/gentoo2023/x86-64-v3, /cvmfs/soft.computecanada.ca/custom/python/wheelhouse/gentoo2023/generic, /cvmfs/soft.computecanada.ca/custom/python/wheelhouse/generic
Processing /cvmfs/soft.computecanada.ca/custom/python/wheelhouse/gentoo2023/x86-64-v3/torch-2.6.0+computecanada-cp310-cp310-linux_x86_64.whl
Processing /cvmfs/soft.computecanada.ca/custom/python/wheelhouse/generic/filelock-3.18.0+computecanada-py3-none-any.whl (from torch)
Requirement already satisfied: typing-extensions>=4.10.0 in /cvmfs/soft.computecanada.ca/easybuild/software/2023/x86-64-v3/Compiler/gcccore/ipykernel/2025a/lib/python3.10/site-packages (from torch) (4.12.2+computecanada)
Processing /cvmfs/soft.computecanada.ca/custom/python/wheelhouse/generic/networkx-3.5+computecanada-py3-none-any.whl (from torch)
Processing /cvmfs/soft.computecanada.ca/custom/python/wheelhouse/generic/jinja2-3.1.6+computecanada-py3-none-any.whl (from torch)
Processing /cvmfs/soft.computecanada.ca/custom/python/wheelhouse/generic/fsspec-2025.7.0+computecanada-py3-none-any.whl (from torch)
Processing /cvmfs/soft.computecanada.ca/custom/python/wheelhouse/generic/sympy-1.13.1+computecanada-py3-none-any.whl (from torch)
Requirement already satisfied: mpmath<1.4,>=1.1.0 in /cvmfs/soft.computecanada.ca/easybuild/software/2023/x86-64-v3/Compiler/gcccore/scipy-stack/2025a/lib/python3.10/site-packages (from sympy==1.13.1->torch) (1.3.0+computecanada)
Processing /cvmfs/soft.computecanada.ca/custom/python/wheelhouse/generic/MarkupSafe-2.1.5+computecanada-cp310-cp310-linux_x86_64.whl (from jinja2->torch)
INFO: pip is looking at multiple versions of networkx to determine which version is compatible with other requirements. This could take a while.
Processing /cvmfs/soft.computecanada.ca/custom/python/wheelhouse/generic/networkx-3.4.2+computecanada-py3-none-any.whl (from torch)
Installing collected packages: sympy, networkx, MarkupSafe, fsspec, filelock, jinja2, torch
  Attempting uninstall: sympy
    Found existing installation: sympy 1.13.3+computecanada
    Not uninstalling sympy at /cvmfs/soft.computecanada.ca/easybuild/software/2023/x86-64-v3/Compiler/gcccore/scipy-stack/2025a/lib/python3.10/site-packages, outside environment /localscratch/onurk.64946729.0/env
    Can't uninstall 'sympy'. No files were found to uninstall.

Successfully installed MarkupSafe-2.1.5+computecanada filelock-3.18.0+computecanada fsspec-2025.7.0+computecanada jinja2-3.1.6+computecanada networkx-3.4.2+computecanada sympy-1.13.1+computecanada torch-2.6.0+computecanada
pre_processing: False      drop_na: False       normalize_raw_features: False       train_models: True       save_models: True       hidden_size: 12       tramontana_run: False       
gpp_input_names,  ['SW_IN', 'TA'] 
reco_input_names,  ['DOY_sin', 'DOY_cos', 'TA'] 
true_nee_name,  ['NEE'] 

Custom Running on GPU With hidden layer size of 12 Total epochs: 100000 lr: 0.001 patience: 500 min_delta 0.01
SNN_GPP(
  (net): Sequential(
    (0): Linear(in_features=2, out_features=12, bias=True)
    (1): ReLU()
    (2): Linear(in_features=12, out_features=1, bias=True)
    (3): ReLU()
  )
)
SNN_RECO(
  (net): Sequential(
    (0): Linear(in_features=3, out_features=12, bias=True)
    (1): ReLU()
    (2): Linear(in_features=12, out_features=1, bias=True)
    (3): ReLU()
  )
)
Custom will use the Tram vars
Params are min slope: 2e-06, trend window: 100
Epoch     0 | Train Loss: 0.096857 | Val Loss: 0.097228 | Train R²: -2.3916 | Val R²: -2.2662
Epoch   500 | Train Loss: 0.027211 | Val Loss: 0.028417 | Train R²: 0.0472 | Val R²: 0.0454
Epoch  1000 | Train Loss: 0.026953 | Val Loss: 0.028188 | Train R²: 0.0562 | Val R²: 0.0531
Epoch  1500 | Train Loss: 0.025979 | Val Loss: 0.027181 | Train R²: 0.0903 | Val R²: 0.0869
Epoch  2000 | Train Loss: 0.025877 | Val Loss: 0.027088 | Train R²: 0.0939 | Val R²: 0.0900
Early stopping at epoch 2182 due to flat/negative trend (slope=0.000002)
Epoch  2182 | Train Loss: 0.025864 | Val Loss: 0.027076 | Train R²: 0.0943 | Val R²: 0.0904
Unpickling models
Following models have been loaded and moved to cuda:
trained gpp model:
 SNN_GPP(
  (net): Sequential(
    (0): Linear(in_features=2, out_features=12, bias=True)
    (1): ReLU()
    (2): Linear(in_features=12, out_features=1, bias=True)
    (3): ReLU()
  )
), trained_reco_model:
 SNN_RECO(
  (net): Sequential(
    (0): Linear(in_features=3, out_features=12, bias=True)
    (1): ReLU()
    (2): Linear(in_features=12, out_features=1, bias=True)
    (3): ReLU()
  )
)
using full data set for visualization
Un-normalizing the GPP and RECO predictions using NEE min: tensor([-36.1705]), NEE max: tensor([35.8634])



Metrics for the Custom, with
GPP inputs: ['SW_IN', 'TA']
RECO inputs: ['DOY_sin', 'DOY_cos', 'TA']:
DT_GPP vs Custom_GPP R²=-0.28 RMSE=8.11
NT_GPP vs Custom_GPP R²=-0.26 RMSE=7.95
DT_RECO vs Custom_RECO R²=-1.52 RMSE=3.69
NT_RECO vs Custom_RECO R²=-1.73 RMSE=3.33
DT_GPP vs NT_GPP R²=0.95 RMSE=1.55
DT_RECO vs NT_RECO R²=0.85 RMSE=1.00

gpp_input_names,  ['SW_IN', 'TA', 'VPD'] 
reco_input_names,  ['DOY_sin', 'DOY_cos', 'TA'] 
true_nee_name,  ['NEE'] 

Custom Running on GPU With hidden layer size of 12 Total epochs: 100000 lr: 0.001 patience: 500 min_delta 0.01
SNN_GPP(
  (net): Sequential(
    (0): Linear(in_features=3, out_features=12, bias=True)
    (1): ReLU()
    (2): Linear(in_features=12, out_features=1, bias=True)
    (3): ReLU()
  )
)
SNN_RECO(
  (net): Sequential(
    (0): Linear(in_features=3, out_features=12, bias=True)
    (1): ReLU()
    (2): Linear(in_features=12, out_features=1, bias=True)
    (3): ReLU()
  )
)
Custom will use the Tram vars
Params are min slope: 2e-06, trend window: 100
Epoch     0 | Train Loss: 0.315812 | Val Loss: 0.306668 | Train R²: -10.0586 | Val R²: -9.3020
Epoch   500 | Train Loss: 0.006099 | Val Loss: 0.006358 | Train R²: 0.7864 | Val R²: 0.7864
Epoch  1000 | Train Loss: 0.005030 | Val Loss: 0.005135 | Train R²: 0.8239 | Val R²: 0.8275
Epoch  1500 | Train Loss: 0.004662 | Val Loss: 0.004741 | Train R²: 0.8368 | Val R²: 0.8407
Epoch  2000 | Train Loss: 0.004334 | Val Loss: 0.004414 | Train R²: 0.8483 | Val R²: 0.8517
Epoch  2500 | Train Loss: 0.004171 | Val Loss: 0.004228 | Train R²: 0.8540 | Val R²: 0.8580
Epoch  3000 | Train Loss: 0.004119 | Val Loss: 0.004161 | Train R²: 0.8558 | Val R²: 0.8602
Early stopping at epoch 3207 due to flat/negative trend (slope=0.000002)
Epoch  3207 | Train Loss: 0.004107 | Val Loss: 0.004146 | Train R²: 0.8562 | Val R²: 0.8607
Unpickling models
Following models have been loaded and moved to cuda:
trained gpp model:
 SNN_GPP(
  (net): Sequential(
    (0): Linear(in_features=3, out_features=12, bias=True)
    (1): ReLU()
    (2): Linear(in_features=12, out_features=1, bias=True)
    (3): ReLU()
  )
), trained_reco_model:
 SNN_RECO(
  (net): Sequential(
    (0): Linear(in_features=3, out_features=12, bias=True)
    (1): ReLU()
    (2): Linear(in_features=12, out_features=1, bias=True)
    (3): ReLU()
  )
)
using full data set for visualization
Un-normalizing the GPP and RECO predictions using NEE min: tensor([-36.1705]), NEE max: tensor([35.8634])



Metrics for the Custom, with
GPP inputs: ['SW_IN', 'TA', 'VPD']
RECO inputs: ['DOY_sin', 'DOY_cos', 'TA']:
DT_GPP vs Custom_GPP R²=0.84 RMSE=2.86
NT_GPP vs Custom_GPP R²=0.80 RMSE=3.15
DT_RECO vs Custom_RECO R²=0.03 RMSE=2.29
NT_RECO vs Custom_RECO R²=-0.20 RMSE=2.20
DT_GPP vs NT_GPP R²=0.95 RMSE=1.55
DT_RECO vs NT_RECO R²=0.85 RMSE=1.00

gpp_input_names,  ['SW_IN', 'TA', 'VPD', 'WS'] 
reco_input_names,  ['DOY_sin', 'DOY_cos', 'TA', 'WS'] 
true_nee_name,  ['NEE'] 

Custom Running on GPU With hidden layer size of 12 Total epochs: 100000 lr: 0.001 patience: 500 min_delta 0.01
SNN_GPP(
  (net): Sequential(
    (0): Linear(in_features=4, out_features=12, bias=True)
    (1): ReLU()
    (2): Linear(in_features=12, out_features=1, bias=True)
    (3): ReLU()
  )
)
SNN_RECO(
  (net): Sequential(
    (0): Linear(in_features=4, out_features=12, bias=True)
    (1): ReLU()
    (2): Linear(in_features=12, out_features=1, bias=True)
    (3): ReLU()
  )
)
Custom will use the Tram vars
Params are min slope: 2e-06, trend window: 100
Epoch     0 | Train Loss: 0.207212 | Val Loss: 0.202817 | Train R²: -6.2558 | Val R²: -5.8133
Epoch   500 | Train Loss: 0.005741 | Val Loss: 0.005921 | Train R²: 0.7990 | Val R²: 0.8011
Epoch  1000 | Train Loss: 0.005079 | Val Loss: 0.005196 | Train R²: 0.8221 | Val R²: 0.8254
Epoch  1500 | Train Loss: 0.004723 | Val Loss: 0.004840 | Train R²: 0.8346 | Val R²: 0.8374
Epoch  2000 | Train Loss: 0.004437 | Val Loss: 0.004550 | Train R²: 0.8446 | Val R²: 0.8472
Epoch  2500 | Train Loss: 0.004283 | Val Loss: 0.004388 | Train R²: 0.8500 | Val R²: 0.8526
Epoch  3000 | Train Loss: 0.004194 | Val Loss: 0.004292 | Train R²: 0.8531 | Val R²: 0.8558
Epoch  3500 | Train Loss: 0.004132 | Val Loss: 0.004228 | Train R²: 0.8553 | Val R²: 0.8580
Epoch  4000 | Train Loss: 0.004078 | Val Loss: 0.004180 | Train R²: 0.8572 | Val R²: 0.8596
Epoch  4500 | Train Loss: 0.004016 | Val Loss: 0.004109 | Train R²: 0.8594 | Val R²: 0.8620
Epoch  5000 | Train Loss: 0.003953 | Val Loss: 0.004054 | Train R²: 0.8616 | Val R²: 0.8638
Epoch  5500 | Train Loss: 0.003893 | Val Loss: 0.003997 | Train R²: 0.8637 | Val R²: 0.8657
Early stopping at epoch 5818 due to flat/negative trend (slope=0.000002)
Epoch  5818 | Train Loss: 0.003867 | Val Loss: 0.003976 | Train R²: 0.8646 | Val R²: 0.8664
Unpickling models
Following models have been loaded and moved to cuda:
trained gpp model:
 SNN_GPP(
  (net): Sequential(
    (0): Linear(in_features=4, out_features=12, bias=True)
    (1): ReLU()
    (2): Linear(in_features=12, out_features=1, bias=True)
    (3): ReLU()
  )
), trained_reco_model:
 SNN_RECO(
  (net): Sequential(
    (0): Linear(in_features=4, out_features=12, bias=True)
    (1): ReLU()
    (2): Linear(in_features=12, out_features=1, bias=True)
    (3): ReLU()
  )
)
using full data set for visualization
Un-normalizing the GPP and RECO predictions using NEE min: tensor([-36.1705]), NEE max: tensor([35.8634])



Metrics for the Custom, with
GPP inputs: ['SW_IN', 'TA', 'VPD', 'WS']
RECO inputs: ['DOY_sin', 'DOY_cos', 'TA', 'WS']:
DT_GPP vs Custom_GPP R²=0.74 RMSE=3.67
NT_GPP vs Custom_GPP R²=0.69 RMSE=3.93
DT_RECO vs Custom_RECO R²=-1.13 RMSE=3.39
NT_RECO vs Custom_RECO R²=-1.76 RMSE=3.35
DT_GPP vs NT_GPP R²=0.95 RMSE=1.55
DT_RECO vs NT_RECO R²=0.85 RMSE=1.00

gpp_input_names,  ['SW_IN', 'TA', 'VPD', 'WS', 'WD_COS', 'WD_SIN'] 
reco_input_names,  ['DOY_sin', 'DOY_cos', 'TA', 'WS', 'WD_COS', 'WD_SIN'] 
true_nee_name,  ['NEE'] 

Custom Running on GPU With hidden layer size of 12 Total epochs: 100000 lr: 0.001 patience: 500 min_delta 0.01
SNN_GPP(
  (net): Sequential(
    (0): Linear(in_features=6, out_features=12, bias=True)
    (1): ReLU()
    (2): Linear(in_features=12, out_features=1, bias=True)
    (3): ReLU()
  )
)
SNN_RECO(
  (net): Sequential(
    (0): Linear(in_features=6, out_features=12, bias=True)
    (1): ReLU()
    (2): Linear(in_features=12, out_features=1, bias=True)
    (3): ReLU()
  )
)
Custom will use the Tram vars
Params are min slope: 2e-06, trend window: 100
Epoch     0 | Train Loss: 0.351695 | Val Loss: 0.338882 | Train R²: -11.3151 | Val R²: -10.3842
Epoch   500 | Train Loss: 0.011478 | Val Loss: 0.011712 | Train R²: 0.5981 | Val R²: 0.6066
Epoch  1000 | Train Loss: 0.009319 | Val Loss: 0.009634 | Train R²: 0.6737 | Val R²: 0.6764
Epoch  1500 | Train Loss: 0.007846 | Val Loss: 0.008038 | Train R²: 0.7253 | Val R²: 0.7300
Epoch  2000 | Train Loss: 0.005977 | Val Loss: 0.006170 | Train R²: 0.7907 | Val R²: 0.7927
Epoch  2500 | Train Loss: 0.005181 | Val Loss: 0.005401 | Train R²: 0.8186 | Val R²: 0.8186
Epoch  3000 | Train Loss: 0.004722 | Val Loss: 0.004924 | Train R²: 0.8347 | Val R²: 0.8346
Epoch  3500 | Train Loss: 0.004398 | Val Loss: 0.004570 | Train R²: 0.8460 | Val R²: 0.8465
Epoch  4000 | Train Loss: 0.004207 | Val Loss: 0.004345 | Train R²: 0.8527 | Val R²: 0.8541
Epoch  4500 | Train Loss: 0.004035 | Val Loss: 0.004179 | Train R²: 0.8587 | Val R²: 0.8596
Epoch  5000 | Train Loss: 0.003924 | Val Loss: 0.004073 | Train R²: 0.8626 | Val R²: 0.8632
Epoch  5500 | Train Loss: 0.003824 | Val Loss: 0.003975 | Train R²: 0.8661 | Val R²: 0.8665
Epoch  6000 | Train Loss: 0.003731 | Val Loss: 0.003879 | Train R²: 0.8694 | Val R²: 0.8697
Epoch  6500 | Train Loss: 0.003666 | Val Loss: 0.003813 | Train R²: 0.8716 | Val R²: 0.8719
Early stopping at epoch 6760 due to flat/negative trend (slope=0.000002)
Epoch  6760 | Train Loss: 0.003644 | Val Loss: 0.003792 | Train R²: 0.8724 | Val R²: 0.8726
Unpickling models
Following models have been loaded and moved to cuda:
trained gpp model:
 SNN_GPP(
  (net): Sequential(
    (0): Linear(in_features=6, out_features=12, bias=True)
    (1): ReLU()
    (2): Linear(in_features=12, out_features=1, bias=True)
    (3): ReLU()
  )
), trained_reco_model:
 SNN_RECO(
  (net): Sequential(
    (0): Linear(in_features=6, out_features=12, bias=True)
    (1): ReLU()
    (2): Linear(in_features=12, out_features=1, bias=True)
    (3): ReLU()
  )
)
using full data set for visualization
Un-normalizing the GPP and RECO predictions using NEE min: tensor([-36.1705]), NEE max: tensor([35.8634])



Metrics for the Custom, with
GPP inputs: ['SW_IN', 'TA', 'VPD', 'WS', 'WD_COS', 'WD_SIN']
RECO inputs: ['DOY_sin', 'DOY_cos', 'TA', 'WS', 'WD_COS', 'WD_SIN']:
DT_GPP vs Custom_GPP R²=0.82 RMSE=3.01
NT_GPP vs Custom_GPP R²=0.78 RMSE=3.29
DT_RECO vs Custom_RECO R²=-0.20 RMSE=2.54
NT_RECO vs Custom_RECO R²=-0.56 RMSE=2.52
DT_GPP vs NT_GPP R²=0.95 RMSE=1.55
DT_RECO vs NT_RECO R²=0.85 RMSE=1.00

gpp_input_names,  ['SW_IN', 'TA', 'VPD', 'WS', 'WD_COS', 'WD_SIN', 'WTD'] 
reco_input_names,  ['DOY_sin', 'DOY_cos', 'TA', 'WS', 'WD_COS', 'WD_SIN', 'WTD'] 
true_nee_name,  ['NEE'] 

Custom Running on GPU With hidden layer size of 12 Total epochs: 100000 lr: 0.001 patience: 500 min_delta 0.01
SNN_GPP(
  (net): Sequential(
    (0): Linear(in_features=7, out_features=12, bias=True)
    (1): ReLU()
    (2): Linear(in_features=12, out_features=1, bias=True)
    (3): ReLU()
  )
)
SNN_RECO(
  (net): Sequential(
    (0): Linear(in_features=7, out_features=12, bias=True)
    (1): ReLU()
    (2): Linear(in_features=12, out_features=1, bias=True)
    (3): ReLU()
  )
)
Custom will use the Tram vars
Params are min slope: 2e-06, trend window: 100
Epoch     0 | Train Loss: 0.030953 | Val Loss: 0.030716 | Train R²: -0.0839 | Val R²: -0.0319
Epoch   500 | Train Loss: 0.010904 | Val Loss: 0.011269 | Train R²: 0.6182 | Val R²: 0.6214
Epoch  1000 | Train Loss: 0.004719 | Val Loss: 0.004881 | Train R²: 0.8348 | Val R²: 0.8360
Epoch  1500 | Train Loss: 0.004057 | Val Loss: 0.004143 | Train R²: 0.8579 | Val R²: 0.8608
Epoch  2000 | Train Loss: 0.003839 | Val Loss: 0.003940 | Train R²: 0.8656 | Val R²: 0.8676
Epoch  2500 | Train Loss: 0.003734 | Val Loss: 0.003864 | Train R²: 0.8692 | Val R²: 0.8702
Epoch  3000 | Train Loss: 0.003665 | Val Loss: 0.003796 | Train R²: 0.8717 | Val R²: 0.8725
Epoch  3500 | Train Loss: 0.003550 | Val Loss: 0.003679 | Train R²: 0.8757 | Val R²: 0.8764
Epoch  4000 | Train Loss: 0.003427 | Val Loss: 0.003587 | Train R²: 0.8800 | Val R²: 0.8795
Early stopping at epoch 4114 due to flat/negative trend (slope=0.000002)
Epoch  4114 | Train Loss: 0.003414 | Val Loss: 0.003580 | Train R²: 0.8804 | Val R²: 0.8797
Unpickling models
Following models have been loaded and moved to cuda:
trained gpp model:
 SNN_GPP(
  (net): Sequential(
    (0): Linear(in_features=7, out_features=12, bias=True)
    (1): ReLU()
    (2): Linear(in_features=12, out_features=1, bias=True)
    (3): ReLU()
  )
), trained_reco_model:
 SNN_RECO(
  (net): Sequential(
    (0): Linear(in_features=7, out_features=12, bias=True)
    (1): ReLU()
    (2): Linear(in_features=12, out_features=1, bias=True)
    (3): ReLU()
  )
)
using full data set for visualization
Un-normalizing the GPP and RECO predictions using NEE min: tensor([-36.1705]), NEE max: tensor([35.8634])



Metrics for the Custom, with
GPP inputs: ['SW_IN', 'TA', 'VPD', 'WS', 'WD_COS', 'WD_SIN', 'WTD']
RECO inputs: ['DOY_sin', 'DOY_cos', 'TA', 'WS', 'WD_COS', 'WD_SIN', 'WTD']:
DT_GPP vs Custom_GPP R²=0.52 RMSE=4.96
NT_GPP vs Custom_GPP R²=0.46 RMSE=5.20
DT_RECO vs Custom_RECO R²=-3.21 RMSE=4.76
NT_RECO vs Custom_RECO R²=-4.80 RMSE=4.85
DT_GPP vs NT_GPP R²=0.95 RMSE=1.55
DT_RECO vs NT_RECO R²=0.85 RMSE=1.00

gpp_input_names,  ['SW_IN', 'VPD', 'TA', 'WTD', 'WS', 'PotRad', 'PotRadHalfHourlyDiff', 'PotRadDailyAvg', 'PotRadDailyDiff', 'WD_COS', 'WD_SIN', 'GPP_PROX'] 
reco_input_names,  ['DOY_sin', 'DOY_cos', 'TA', 'TS_1', 'TS_2', 'TS_3', 'TS_4', 'WTD', 'WS', 'WD_COS', 'WD_SIN', 'NIGHTLY_NEE_AVG'] 
true_nee_name,  ['NEE'] 

Custom Running on GPU With hidden layer size of 12 Total epochs: 100000 lr: 0.001 patience: 500 min_delta 0.01
SNN_GPP(
  (net): Sequential(
    (0): Linear(in_features=12, out_features=12, bias=True)
    (1): ReLU()
    (2): Linear(in_features=12, out_features=1, bias=True)
    (3): ReLU()
  )
)
SNN_RECO(
  (net): Sequential(
    (0): Linear(in_features=12, out_features=12, bias=True)
    (1): ReLU()
    (2): Linear(in_features=12, out_features=1, bias=True)
    (3): ReLU()
  )
)
Custom will use the Tram vars
Params are min slope: 2e-06, trend window: 100
Epoch     0 | Train Loss: 0.039289 | Val Loss: 0.038852 | Train R²: -0.3758 | Val R²: -0.3052
Epoch   500 | Train Loss: 0.002813 | Val Loss: 0.002972 | Train R²: 0.9015 | Val R²: 0.9002
Epoch  1000 | Train Loss: 0.002377 | Val Loss: 0.002467 | Train R²: 0.9168 | Val R²: 0.9171
Epoch  1500 | Train Loss: 0.002164 | Val Loss: 0.002261 | Train R²: 0.9242 | Val R²: 0.9240
Epoch  2000 | Train Loss: 0.002047 | Val Loss: 0.002153 | Train R²: 0.9283 | Val R²: 0.9277
Epoch  2500 | Train Loss: 0.001980 | Val Loss: 0.002083 | Train R²: 0.9307 | Val R²: 0.9300
Epoch  3000 | Train Loss: 0.001929 | Val Loss: 0.002031 | Train R²: 0.9325 | Val R²: 0.9318
Epoch  3500 | Train Loss: 0.001877 | Val Loss: 0.001976 | Train R²: 0.9343 | Val R²: 0.9336
Early stopping at epoch 3745 due to flat/negative trend (slope=0.000002)
Epoch  3745 | Train Loss: 0.001852 | Val Loss: 0.001959 | Train R²: 0.9352 | Val R²: 0.9342
Unpickling models
Following models have been loaded and moved to cuda:
trained gpp model:
 SNN_GPP(
  (net): Sequential(
    (0): Linear(in_features=12, out_features=12, bias=True)
    (1): ReLU()
    (2): Linear(in_features=12, out_features=1, bias=True)
    (3): ReLU()
  )
), trained_reco_model:
 SNN_RECO(
  (net): Sequential(
    (0): Linear(in_features=12, out_features=12, bias=True)
    (1): ReLU()
    (2): Linear(in_features=12, out_features=1, bias=True)
    (3): ReLU()
  )
)
using full data set for visualization
Un-normalizing the GPP and RECO predictions using NEE min: tensor([-36.1705]), NEE max: tensor([35.8634])



Metrics for the Custom, with
GPP inputs: ['SW_IN', 'VPD', 'TA', 'WTD', 'WS', 'PotRad', 'PotRadHalfHourlyDiff', 'PotRadDailyAvg', 'PotRadDailyDiff', 'WD_COS', 'WD_SIN', 'GPP_PROX']
RECO inputs: ['DOY_sin', 'DOY_cos', 'TA', 'TS_1', 'TS_2', 'TS_3', 'TS_4', 'WTD', 'WS', 'WD_COS', 'WD_SIN', 'NIGHTLY_NEE_AVG']:
DT_GPP vs Custom_GPP R²=0.95 RMSE=1.56
NT_GPP vs Custom_GPP R²=0.94 RMSE=1.77
DT_RECO vs Custom_RECO R²=0.78 RMSE=1.09
NT_RECO vs Custom_RECO R²=0.83 RMSE=0.83
DT_GPP vs NT_GPP R²=0.95 RMSE=1.55
DT_RECO vs NT_RECO R²=0.85 RMSE=1.00

gpp_input_names,  ['PotRadDailyAvg', 'PotRadDailyDiff', 'GPP_PROX'] 
reco_input_names,  ['DOY_sin', 'DOY_cos', 'NIGHTLY_NEE_AVG'] 
true_nee_name,  ['NEE'] 

Custom Running on GPU With hidden layer size of 12 Total epochs: 100000 lr: 0.001 patience: 500 min_delta 0.01
SNN_GPP(
  (net): Sequential(
    (0): Linear(in_features=3, out_features=12, bias=True)
    (1): ReLU()
    (2): Linear(in_features=12, out_features=1, bias=True)
    (3): ReLU()
  )
)
SNN_RECO(
  (net): Sequential(
    (0): Linear(in_features=3, out_features=12, bias=True)
    (1): ReLU()
    (2): Linear(in_features=12, out_features=1, bias=True)
    (3): ReLU()
  )
)
Custom will use the Tram vars
Params are min slope: 2e-06, trend window: 100
Epoch     0 | Train Loss: 0.079008 | Val Loss: 0.078089 | Train R²: -1.7666 | Val R²: -1.6233
Epoch   500 | Train Loss: 0.026199 | Val Loss: 0.027372 | Train R²: 0.0826 | Val R²: 0.0805
Early stopping at epoch 665 due to flat/negative trend (slope=0.000002)
Epoch   665 | Train Loss: 0.025974 | Val Loss: 0.027143 | Train R²: 0.0905 | Val R²: 0.0882
Unpickling models
Following models have been loaded and moved to cuda:
trained gpp model:
 SNN_GPP(
  (net): Sequential(
    (0): Linear(in_features=3, out_features=12, bias=True)
    (1): ReLU()
    (2): Linear(in_features=12, out_features=1, bias=True)
    (3): ReLU()
  )
), trained_reco_model:
 SNN_RECO(
  (net): Sequential(
    (0): Linear(in_features=3, out_features=12, bias=True)
    (1): ReLU()
    (2): Linear(in_features=12, out_features=1, bias=True)
    (3): ReLU()
  )
)
using full data set for visualization
Un-normalizing the GPP and RECO predictions using NEE min: tensor([-36.1705]), NEE max: tensor([35.8634])



Metrics for the Custom, with
GPP inputs: ['PotRadDailyAvg', 'PotRadDailyDiff', 'GPP_PROX']
RECO inputs: ['DOY_sin', 'DOY_cos', 'NIGHTLY_NEE_AVG']:
DT_GPP vs Custom_GPP R²=0.02 RMSE=7.07
NT_GPP vs Custom_GPP R²=0.03 RMSE=6.96
DT_RECO vs Custom_RECO R²=-2.56 RMSE=4.38
NT_RECO vs Custom_RECO R²=-3.17 RMSE=4.12
DT_GPP vs NT_GPP R²=0.95 RMSE=1.55
DT_RECO vs NT_RECO R²=0.85 RMSE=1.00

{
    "experiment_0": {
        "run_type": "Custom",
        "gpp_inputs": [
            "SW_IN",
            "TA"
        ],
        "reco_inputs": [
            "DOY_sin",
            "DOY_cos",
            "TA"
        ],
        "metrics": {
            "DT_GPP_vs_model": {
                "r2": -0.28,
                "rmse": 8.11
            },
            "NT_GPP_vs_model": {
                "r2": -0.26,
                "rmse": 7.95
            },
            "DT_RECO_vs_model": {
                "r2": -1.52,
                "rmse": 3.69
            },
            "NT_RECO_vs_model": {
                "r2": -1.73,
                "rmse": 3.33
            },
            "DT_GPP_vs_NT_GPP": {
                "r2": 0.95,
                "rmse": 1.55
            },
            "DT_RECO_vs_NT_RECO": {
                "r2": 0.85,
                "rmse": 1
            },
            "val_r2": 0.0904
        }
    },
    "experiment_1": {
        "run_type": "Custom",
        "gpp_inputs": [
            "SW_IN",
            "TA",
            "VPD"
        ],
        "reco_inputs": [
            "DOY_sin",
            "DOY_cos",
            "TA"
        ],
        "metrics": {
            "DT_GPP_vs_model": {
                "r2": 0.84,
                "rmse": 2.86
            },
            "NT_GPP_vs_model": {
                "r2": 0.8,
                "rmse": 3.15
            },
            "DT_RECO_vs_model": {
                "r2": 0.03,
                "rmse": 2.29
            },
            "NT_RECO_vs_model": {
                "r2": -0.2,
                "rmse": 2.2
            },
            "DT_GPP_vs_NT_GPP": {
                "r2": 0.95,
                "rmse": 1.55
            },
            "DT_RECO_vs_NT_RECO": {
                "r2": 0.85,
                "rmse": 1
            },
            "val_r2": 0.8607
        }
    },
    "experiment_2": {
        "run_type": "Custom",
        "gpp_inputs": [
            "SW_IN",
            "TA",
            "VPD",
            "WS"
        ],
        "reco_inputs": [
            "DOY_sin",
            "DOY_cos",
            "TA",
            "WS"
        ],
        "metrics": {
            "DT_GPP_vs_model": {
                "r2": 0.74,
                "rmse": 3.67
            },
            "NT_GPP_vs_model": {
                "r2": 0.69,
                "rmse": 3.93
            },
            "DT_RECO_vs_model": {
                "r2": -1.13,
                "rmse": 3.39
            },
            "NT_RECO_vs_model": {
                "r2": -1.76,
                "rmse": 3.35
            },
            "DT_GPP_vs_NT_GPP": {
                "r2": 0.95,
                "rmse": 1.55
            },
            "DT_RECO_vs_NT_RECO": {
                "r2": 0.85,
                "rmse": 1
            },
            "val_r2": 0.8664
        }
    },
    "experiment_3": {
        "run_type": "Custom",
        "gpp_inputs": [
            "SW_IN",
            "TA",
            "VPD",
            "WS",
            "WD_COS",
            "WD_SIN"
        ],
        "reco_inputs": [
            "DOY_sin",
            "DOY_cos",
            "TA",
            "WS",
            "WD_COS",
            "WD_SIN"
        ],
        "metrics": {
            "DT_GPP_vs_model": {
                "r2": 0.82,
                "rmse": 3.01
            },
            "NT_GPP_vs_model": {
                "r2": 0.78,
                "rmse": 3.29
            },
            "DT_RECO_vs_model": {
                "r2": -0.2,
                "rmse": 2.54
            },
            "NT_RECO_vs_model": {
                "r2": -0.56,
                "rmse": 2.52
            },
            "DT_GPP_vs_NT_GPP": {
                "r2": 0.95,
                "rmse": 1.55
            },
            "DT_RECO_vs_NT_RECO": {
                "r2": 0.85,
                "rmse": 1
            },
            "val_r2": 0.8726
        }
    },
    "experiment_4": {
        "run_type": "Custom",
        "gpp_inputs": [
            "SW_IN",
            "TA",
            "VPD",
            "WS",
            "WD_COS",
            "WD_SIN",
            "WTD"
        ],
        "reco_inputs": [
            "DOY_sin",
            "DOY_cos",
            "TA",
            "WS",
            "WD_COS",
            "WD_SIN",
            "WTD"
        ],
        "metrics": {
            "DT_GPP_vs_model": {
                "r2": 0.52,
                "rmse": 4.96
            },
            "NT_GPP_vs_model": {
                "r2": 0.46,
                "rmse": 5.2
            },
            "DT_RECO_vs_model": {
                "r2": -3.21,
                "rmse": 4.76
            },
            "NT_RECO_vs_model": {
                "r2": -4.8,
                "rmse": 4.85
            },
            "DT_GPP_vs_NT_GPP": {
                "r2": 0.95,
                "rmse": 1.55
            },
            "DT_RECO_vs_NT_RECO": {
                "r2": 0.85,
                "rmse": 1
            },
            "val_r2": 0.8797
        }
    },
    "experiment_5": {
        "run_type": "Custom",
        "gpp_inputs": [
            "SW_IN",
            "VPD",
            "TA",
            "WTD",
            "WS",
            "PotRad",
            "PotRadHalfHourlyDiff",
            "PotRadDailyAvg",
            "PotRadDailyDiff",
            "WD_COS",
            "WD_SIN",
            "GPP_PROX"
        ],
        "reco_inputs": [
            "DOY_sin",
            "DOY_cos",
            "TA",
            "TS_1",
            "TS_2",
            "TS_3",
            "TS_4",
            "WTD",
            "WS",
            "WD_COS",
            "WD_SIN",
            "NIGHTLY_NEE_AVG"
        ],
        "metrics": {
            "DT_GPP_vs_model": {
                "r2": 0.95,
                "rmse": 1.56
            },
            "NT_GPP_vs_model": {
                "r2": 0.94,
                "rmse": 1.77
            },
            "DT_RECO_vs_model": {
                "r2": 0.78,
                "rmse": 1.09
            },
            "NT_RECO_vs_model": {
                "r2": 0.83,
                "rmse": 0.83
            },
            "DT_GPP_vs_NT_GPP": {
                "r2": 0.95,
                "rmse": 1.55
            },
            "DT_RECO_vs_NT_RECO": {
                "r2": 0.85,
                "rmse": 1
            },
            "val_r2": 0.9342
        }
    },
    "experiment_6": {
        "run_type": "Custom",
        "gpp_inputs": [
            "PotRadDailyAvg",
            "PotRadDailyDiff",
            "GPP_PROX"
        ],
        "reco_inputs": [
            "DOY_sin",
            "DOY_cos",
            "NIGHTLY_NEE_AVG"
        ],
        "metrics": {
            "DT_GPP_vs_model": {
                "r2": 0.02,
                "rmse": 7.07
            },
            "NT_GPP_vs_model": {
                "r2": 0.03,
                "rmse": 6.96
            },
            "DT_RECO_vs_model": {
                "r2": -2.56,
                "rmse": 4.38
            },
            "NT_RECO_vs_model": {
                "r2": -3.17,
                "rmse": 4.12
            },
            "DT_GPP_vs_NT_GPP": {
                "r2": 0.95,
                "rmse": 1.55
            },
            "DT_RECO_vs_NT_RECO": {
                "r2": 0.85,
                "rmse": 1
            },
            "val_r2": 0.0882
        }
    }
}
0.0904,-0.28,-0.26,-1.52,-1.73
0.8607,0.84,0.8,0.03,-0.2
0.8664,0.74,0.69,-1.13,-1.76
0.8726,0.82,0.78,-0.2,-0.56
0.8797,0.52,0.46,-3.21,-4.8
0.9342,0.95,0.94,0.78,0.83
0.0882,0.02,0.03,-2.56,-3.17
