created virtual environment CPython3.10.13.final.0-64 in 10756ms
  creator CPython3Posix(dest=/localscratch/onurk.63918858.0/env, clear=False, no_vcs_ignore=False, global=False)
  seeder FromAppData(download=False, pip=bundle, setuptools=bundle, wheel=bundle, via=copy, app_data_dir=/home/onurk/.local/share/virtualenv)
    added seed packages: pip==25.1.1, setuptools==80.9.0, wheel==0.45.1+computecanada
  activators BashActivator,CShellActivator,FishActivator,NushellActivator,PowerShellActivator,PythonActivator
Looking in links: /cvmfs/soft.computecanada.ca/custom/python/wheelhouse/gentoo2023/x86-64-v3, /cvmfs/soft.computecanada.ca/custom/python/wheelhouse/gentoo2023/generic, /cvmfs/soft.computecanada.ca/custom/python/wheelhouse/generic
Processing /cvmfs/soft.computecanada.ca/custom/python/wheelhouse/gentoo2023/x86-64-v3/torch-2.6.0+computecanada-cp310-cp310-linux_x86_64.whl
Processing /cvmfs/soft.computecanada.ca/custom/python/wheelhouse/generic/filelock-3.18.0+computecanada-py3-none-any.whl (from torch)
Requirement already satisfied: typing-extensions>=4.10.0 in /cvmfs/soft.computecanada.ca/easybuild/software/2023/x86-64-v3/Compiler/gcccore/ipykernel/2025a/lib/python3.10/site-packages (from torch) (4.12.2+computecanada)
Processing /cvmfs/soft.computecanada.ca/custom/python/wheelhouse/generic/networkx-3.5+computecanada-py3-none-any.whl (from torch)
Processing /cvmfs/soft.computecanada.ca/custom/python/wheelhouse/generic/jinja2-3.1.6+computecanada-py3-none-any.whl (from torch)
Processing /cvmfs/soft.computecanada.ca/custom/python/wheelhouse/generic/fsspec-2025.5.1+computecanada-py3-none-any.whl (from torch)
Processing /cvmfs/soft.computecanada.ca/custom/python/wheelhouse/generic/sympy-1.13.1+computecanada-py3-none-any.whl (from torch)
Requirement already satisfied: mpmath<1.4,>=1.1.0 in /cvmfs/soft.computecanada.ca/easybuild/software/2023/x86-64-v3/Compiler/gcccore/scipy-stack/2025a/lib/python3.10/site-packages (from sympy==1.13.1->torch) (1.3.0+computecanada)
Processing /cvmfs/soft.computecanada.ca/custom/python/wheelhouse/generic/MarkupSafe-2.1.5+computecanada-cp310-cp310-linux_x86_64.whl (from jinja2->torch)
INFO: pip is looking at multiple versions of networkx to determine which version is compatible with other requirements. This could take a while.
Processing /cvmfs/soft.computecanada.ca/custom/python/wheelhouse/generic/networkx-3.4.2+computecanada-py3-none-any.whl (from torch)
Installing collected packages: sympy, networkx, MarkupSafe, fsspec, filelock, jinja2, torch
  Attempting uninstall: sympy
    Found existing installation: sympy 1.13.3+computecanada
    Not uninstalling sympy at /cvmfs/soft.computecanada.ca/easybuild/software/2023/x86-64-v3/Compiler/gcccore/scipy-stack/2025a/lib/python3.10/site-packages, outside environment /localscratch/onurk.63918858.0/env
    Can't uninstall 'sympy'. No files were found to uninstall.

Successfully installed MarkupSafe-2.1.5+computecanada filelock-3.18.0+computecanada fsspec-2025.5.1+computecanada jinja2-3.1.6+computecanada networkx-3.4.2+computecanada sympy-1.13.1+computecanada torch-2.6.0+computecanada
gpp_input_names,  ['SW_IN_RAW', 'SW_IN', 'VPD', 'TA', 'WTD', 'WS', 'PotRad', 'PotRadHalfHourlyDiff', 'PotRadDailyAvg', 'PotRadDailyDiff', 'WD_COS', 'WD_SIN', 'GPP_PROX'] 
reco_input_names,  ['DOY_sin', 'DOY_cos', 'TA', 'TS_1', 'TS_2', 'TS_3', 'TS_4', 'WTD', 'WS', 'WD_COS', 'WD_SIN', 'NIGHTLY_NEE_AVG'] 
true_nee_name,  ['NEE'] 

Custom Running on GPU With hidden layer size of 12 Total epochs: 100000 lr: 0.001
SNN_GPP(
  (net): Sequential(
    (0): Linear(in_features=12, out_features=12, bias=True)
    (1): ReLU()
    (2): Linear(in_features=12, out_features=1, bias=True)
  )
)
SNN_RECO(
  (net): Sequential(
    (0): Linear(in_features=12, out_features=12, bias=True)
    (1): ReLU()
    (2): Linear(in_features=12, out_features=1, bias=True)
  )
)
Tramontana False
Epoch     0 | Train Loss: 0.073065 | Val Loss: 0.072806 | Train R²: -1.5585 | Val R²: -1.4458
Epoch   500 | Train Loss: 0.002818 | Val Loss: 0.003025 | Train R²: 0.9013 | Val R²: 0.8984
Epoch  1000 | Train Loss: 0.002357 | Val Loss: 0.002466 | Train R²: 0.9175 | Val R²: 0.9172
Epoch  1500 | Train Loss: 0.002204 | Val Loss: 0.002325 | Train R²: 0.9228 | Val R²: 0.9219
Epoch  2000 | Train Loss: 0.002113 | Val Loss: 0.002228 | Train R²: 0.9260 | Val R²: 0.9251
Epoch  2500 | Train Loss: 0.002055 | Val Loss: 0.002165 | Train R²: 0.9281 | Val R²: 0.9273
Epoch  3000 | Train Loss: 0.002013 | Val Loss: 0.002122 | Train R²: 0.9295 | Val R²: 0.9287
Epoch  3500 | Train Loss: 0.001974 | Val Loss: 0.002089 | Train R²: 0.9309 | Val R²: 0.9298
Epoch  4000 | Train Loss: 0.001942 | Val Loss: 0.002059 | Train R²: 0.9320 | Val R²: 0.9308
Epoch  4500 | Train Loss: 0.001916 | Val Loss: 0.002033 | Train R²: 0.9329 | Val R²: 0.9317
Epoch  5000 | Train Loss: 0.001892 | Val Loss: 0.002015 | Train R²: 0.9337 | Val R²: 0.9323
Epoch  5500 | Train Loss: 0.001866 | Val Loss: 0.001990 | Train R²: 0.9346 | Val R²: 0.9331
Epoch  6000 | Train Loss: 0.001833 | Val Loss: 0.001960 | Train R²: 0.9358 | Val R²: 0.9342
Epoch  6500 | Train Loss: 0.001817 | Val Loss: 0.001942 | Train R²: 0.9364 | Val R²: 0.9348
Epoch  7000 | Train Loss: 0.001806 | Val Loss: 0.001934 | Train R²: 0.9368 | Val R²: 0.9350
Epoch  7500 | Train Loss: 0.001792 | Val Loss: 0.001925 | Train R²: 0.9373 | Val R²: 0.9353
Epoch  8000 | Train Loss: 0.001782 | Val Loss: 0.001915 | Train R²: 0.9376 | Val R²: 0.9357
Epoch  8500 | Train Loss: 0.001769 | Val Loss: 0.001905 | Train R²: 0.9381 | Val R²: 0.9360
Epoch  9000 | Train Loss: 0.001752 | Val Loss: 0.001889 | Train R²: 0.9386 | Val R²: 0.9366
Epoch  9500 | Train Loss: 0.001741 | Val Loss: 0.001876 | Train R²: 0.9390 | Val R²: 0.9370
Epoch 10000 | Train Loss: 0.001733 | Val Loss: 0.001869 | Train R²: 0.9393 | Val R²: 0.9372
Epoch 10500 | Train Loss: 0.001728 | Val Loss: 0.001864 | Train R²: 0.9395 | Val R²: 0.9374
Epoch 11000 | Train Loss: 0.001718 | Val Loss: 0.001860 | Train R²: 0.9399 | Val R²: 0.9375
Epoch 11500 | Train Loss: 0.001708 | Val Loss: 0.001841 | Train R²: 0.9402 | Val R²: 0.9382
Epoch 12000 | Train Loss: 0.001702 | Val Loss: 0.001836 | Train R²: 0.9404 | Val R²: 0.9383
Epoch 12500 | Train Loss: 0.001697 | Val Loss: 0.001827 | Train R²: 0.9406 | Val R²: 0.9386
Epoch 13000 | Train Loss: 0.001693 | Val Loss: 0.001826 | Train R²: 0.9407 | Val R²: 0.9387
Epoch 13500 | Train Loss: 0.001693 | Val Loss: 0.001826 | Train R²: 0.9407 | Val R²: 0.9387
Epoch 14000 | Train Loss: 0.001687 | Val Loss: 0.001819 | Train R²: 0.9409 | Val R²: 0.9389
Epoch 14500 | Train Loss: 0.001687 | Val Loss: 0.001815 | Train R²: 0.9409 | Val R²: 0.9390
Epoch 15000 | Train Loss: 0.001688 | Val Loss: 0.001813 | Train R²: 0.9409 | Val R²: 0.9391
Epoch 15500 | Train Loss: 0.001682 | Val Loss: 0.001808 | Train R²: 0.9411 | Val R²: 0.9392
Epoch 16000 | Train Loss: 0.001681 | Val Loss: 0.001806 | Train R²: 0.9411 | Val R²: 0.9393
Epoch 16500 | Train Loss: 0.001680 | Val Loss: 0.001805 | Train R²: 0.9412 | Val R²: 0.9394
Epoch 17000 | Train Loss: 0.001679 | Val Loss: 0.001801 | Train R²: 0.9412 | Val R²: 0.9395
Epoch 17500 | Train Loss: 0.001677 | Val Loss: 0.001797 | Train R²: 0.9413 | Val R²: 0.9396
Epoch 18000 | Train Loss: 0.001676 | Val Loss: 0.001797 | Train R²: 0.9413 | Val R²: 0.9396
Epoch 18500 | Train Loss: 0.001676 | Val Loss: 0.001795 | Train R²: 0.9413 | Val R²: 0.9397
Epoch 19000 | Train Loss: 0.001675 | Val Loss: 0.001794 | Train R²: 0.9413 | Val R²: 0.9397
Epoch 19500 | Train Loss: 0.001673 | Val Loss: 0.001793 | Train R²: 0.9414 | Val R²: 0.9398
Epoch 20000 | Train Loss: 0.001672 | Val Loss: 0.001790 | Train R²: 0.9414 | Val R²: 0.9399
Epoch 20500 | Train Loss: 0.001671 | Val Loss: 0.001790 | Train R²: 0.9415 | Val R²: 0.9399
Epoch 21000 | Train Loss: 0.001670 | Val Loss: 0.001788 | Train R²: 0.9415 | Val R²: 0.9400
Epoch 21500 | Train Loss: 0.001671 | Val Loss: 0.001787 | Train R²: 0.9415 | Val R²: 0.9400
Epoch 22000 | Train Loss: 0.001667 | Val Loss: 0.001789 | Train R²: 0.9416 | Val R²: 0.9399
Epoch 22500 | Train Loss: 0.001664 | Val Loss: 0.001783 | Train R²: 0.9417 | Val R²: 0.9401
Epoch 23000 | Train Loss: 0.001662 | Val Loss: 0.001783 | Train R²: 0.9418 | Val R²: 0.9401
Epoch 23500 | Train Loss: 0.001659 | Val Loss: 0.001782 | Train R²: 0.9419 | Val R²: 0.9401
Epoch 24000 | Train Loss: 0.001655 | Val Loss: 0.001776 | Train R²: 0.9421 | Val R²: 0.9403
Epoch 24500 | Train Loss: 0.001652 | Val Loss: 0.001770 | Train R²: 0.9422 | Val R²: 0.9405
Epoch 25000 | Train Loss: 0.001648 | Val Loss: 0.001766 | Train R²: 0.9423 | Val R²: 0.9407
Epoch 25500 | Train Loss: 0.001643 | Val Loss: 0.001762 | Train R²: 0.9425 | Val R²: 0.9408
Epoch 26000 | Train Loss: 0.001644 | Val Loss: 0.001769 | Train R²: 0.9424 | Val R²: 0.9406
Epoch 26500 | Train Loss: 0.001634 | Val Loss: 0.001751 | Train R²: 0.9428 | Val R²: 0.9412
Epoch 27000 | Train Loss: 0.001628 | Val Loss: 0.001741 | Train R²: 0.9430 | Val R²: 0.9415
Epoch 27500 | Train Loss: 0.001623 | Val Loss: 0.001735 | Train R²: 0.9432 | Val R²: 0.9417
Epoch 28000 | Train Loss: 0.001619 | Val Loss: 0.001729 | Train R²: 0.9433 | Val R²: 0.9419
Epoch 28500 | Train Loss: 0.001613 | Val Loss: 0.001717 | Train R²: 0.9435 | Val R²: 0.9423
Epoch 29000 | Train Loss: 0.001605 | Val Loss: 0.001705 | Train R²: 0.9438 | Val R²: 0.9427
Epoch 29500 | Train Loss: 0.001601 | Val Loss: 0.001701 | Train R²: 0.9439 | Val R²: 0.9429
Epoch 30000 | Train Loss: 0.001595 | Val Loss: 0.001695 | Train R²: 0.9441 | Val R²: 0.9431
Epoch 30500 | Train Loss: 0.001578 | Val Loss: 0.001671 | Train R²: 0.9447 | Val R²: 0.9439
Epoch 31000 | Train Loss: 0.001571 | Val Loss: 0.001664 | Train R²: 0.9450 | Val R²: 0.9441
Epoch 31500 | Train Loss: 0.001565 | Val Loss: 0.001658 | Train R²: 0.9452 | Val R²: 0.9443
Epoch 32000 | Train Loss: 0.001558 | Val Loss: 0.001656 | Train R²: 0.9455 | Val R²: 0.9444
Epoch 32500 | Train Loss: 0.001550 | Val Loss: 0.001647 | Train R²: 0.9457 | Val R²: 0.9447
Epoch 33000 | Train Loss: 0.001545 | Val Loss: 0.001640 | Train R²: 0.9459 | Val R²: 0.9449
Epoch 33500 | Train Loss: 0.001541 | Val Loss: 0.001637 | Train R²: 0.9460 | Val R²: 0.9450
Epoch 34000 | Train Loss: 0.001535 | Val Loss: 0.001629 | Train R²: 0.9462 | Val R²: 0.9453
Epoch 34500 | Train Loss: 0.001527 | Val Loss: 0.001618 | Train R²: 0.9465 | Val R²: 0.9456
Epoch 35000 | Train Loss: 0.001516 | Val Loss: 0.001608 | Train R²: 0.9469 | Val R²: 0.9460
Epoch 35500 | Train Loss: 0.001509 | Val Loss: 0.001599 | Train R²: 0.9472 | Val R²: 0.9463
Epoch 36000 | Train Loss: 0.001504 | Val Loss: 0.001594 | Train R²: 0.9473 | Val R²: 0.9464
Epoch 36500 | Train Loss: 0.001511 | Val Loss: 0.001591 | Train R²: 0.9471 | Val R²: 0.9466
Epoch 37000 | Train Loss: 0.001503 | Val Loss: 0.001592 | Train R²: 0.9474 | Val R²: 0.9465
Epoch 37500 | Train Loss: 0.001490 | Val Loss: 0.001576 | Train R²: 0.9478 | Val R²: 0.9470
Epoch 38000 | Train Loss: 0.001487 | Val Loss: 0.001570 | Train R²: 0.9479 | Val R²: 0.9473
Epoch 38500 | Train Loss: 0.001483 | Val Loss: 0.001568 | Train R²: 0.9481 | Val R²: 0.9473
Epoch 39000 | Train Loss: 0.001478 | Val Loss: 0.001562 | Train R²: 0.9482 | Val R²: 0.9475
Epoch 39500 | Train Loss: 0.001479 | Val Loss: 0.001564 | Train R²: 0.9482 | Val R²: 0.9475
Epoch 40000 | Train Loss: 0.001473 | Val Loss: 0.001558 | Train R²: 0.9484 | Val R²: 0.9477
Epoch 40500 | Train Loss: 0.001467 | Val Loss: 0.001549 | Train R²: 0.9486 | Val R²: 0.9480
Epoch 41000 | Train Loss: 0.001474 | Val Loss: 0.001551 | Train R²: 0.9484 | Val R²: 0.9479
Epoch 41500 | Train Loss: 0.001471 | Val Loss: 0.001554 | Train R²: 0.9485 | Val R²: 0.9478
Epoch 42000 | Train Loss: 0.001463 | Val Loss: 0.001544 | Train R²: 0.9488 | Val R²: 0.9481
Epoch 42500 | Train Loss: 0.001456 | Val Loss: 0.001534 | Train R²: 0.9490 | Val R²: 0.9485
Epoch 43000 | Train Loss: 0.001471 | Val Loss: 0.001543 | Train R²: 0.9485 | Val R²: 0.9482
Epoch 43500 | Train Loss: 0.001453 | Val Loss: 0.001526 | Train R²: 0.9491 | Val R²: 0.9487
Epoch 44000 | Train Loss: 0.001447 | Val Loss: 0.001525 | Train R²: 0.9493 | Val R²: 0.9488
Epoch 44500 | Train Loss: 0.001445 | Val Loss: 0.001519 | Train R²: 0.9494 | Val R²: 0.9490
Epoch 45000 | Train Loss: 0.001442 | Val Loss: 0.001518 | Train R²: 0.9495 | Val R²: 0.9490
Epoch 45500 | Train Loss: 0.001444 | Val Loss: 0.001526 | Train R²: 0.9494 | Val R²: 0.9487
Epoch 46000 | Train Loss: 0.001437 | Val Loss: 0.001511 | Train R²: 0.9497 | Val R²: 0.9492
Epoch 46500 | Train Loss: 0.001434 | Val Loss: 0.001508 | Train R²: 0.9498 | Val R²: 0.9493
Epoch 47000 | Train Loss: 0.001435 | Val Loss: 0.001506 | Train R²: 0.9497 | Val R²: 0.9494
Epoch 47500 | Train Loss: 0.001428 | Val Loss: 0.001502 | Train R²: 0.9500 | Val R²: 0.9495
Epoch 48000 | Train Loss: 0.001428 | Val Loss: 0.001505 | Train R²: 0.9500 | Val R²: 0.9494
Epoch 48500 | Train Loss: 0.001424 | Val Loss: 0.001497 | Train R²: 0.9502 | Val R²: 0.9497
Epoch 49000 | Train Loss: 0.001423 | Val Loss: 0.001496 | Train R²: 0.9502 | Val R²: 0.9497
Epoch 49500 | Train Loss: 0.001427 | Val Loss: 0.001505 | Train R²: 0.9500 | Val R²: 0.9494
Epoch 50000 | Train Loss: 0.001421 | Val Loss: 0.001492 | Train R²: 0.9502 | Val R²: 0.9499
Epoch 50500 | Train Loss: 0.001422 | Val Loss: 0.001495 | Train R²: 0.9502 | Val R²: 0.9498
Epoch 51000 | Train Loss: 0.001421 | Val Loss: 0.001489 | Train R²: 0.9502 | Val R²: 0.9500
Epoch 51500 | Train Loss: 0.001416 | Val Loss: 0.001487 | Train R²: 0.9504 | Val R²: 0.9500
Epoch 52000 | Train Loss: 0.001413 | Val Loss: 0.001483 | Train R²: 0.9505 | Val R²: 0.9502
Epoch 52500 | Train Loss: 0.001418 | Val Loss: 0.001486 | Train R²: 0.9503 | Val R²: 0.9501
Epoch 53000 | Train Loss: 0.001411 | Val Loss: 0.001479 | Train R²: 0.9506 | Val R²: 0.9503
Epoch 53500 | Train Loss: 0.001409 | Val Loss: 0.001481 | Train R²: 0.9507 | Val R²: 0.9503
Epoch 54000 | Train Loss: 0.001408 | Val Loss: 0.001476 | Train R²: 0.9507 | Val R²: 0.9504
Epoch 54500 | Train Loss: 0.001408 | Val Loss: 0.001475 | Train R²: 0.9507 | Val R²: 0.9505
Epoch 55000 | Train Loss: 0.001416 | Val Loss: 0.001486 | Train R²: 0.9504 | Val R²: 0.9501
Epoch 55500 | Train Loss: 0.001412 | Val Loss: 0.001475 | Train R²: 0.9505 | Val R²: 0.9505
Epoch 56000 | Train Loss: 0.001406 | Val Loss: 0.001469 | Train R²: 0.9508 | Val R²: 0.9507
Epoch 56500 | Train Loss: 0.001405 | Val Loss: 0.001471 | Train R²: 0.9508 | Val R²: 0.9506
Epoch 57000 | Train Loss: 0.001399 | Val Loss: 0.001464 | Train R²: 0.9510 | Val R²: 0.9508
Epoch 57500 | Train Loss: 0.001410 | Val Loss: 0.001472 | Train R²: 0.9506 | Val R²: 0.9505
Epoch 58000 | Train Loss: 0.001400 | Val Loss: 0.001463 | Train R²: 0.9510 | Val R²: 0.9509
Epoch 58500 | Train Loss: 0.001402 | Val Loss: 0.001466 | Train R²: 0.9509 | Val R²: 0.9508
Epoch 59000 | Train Loss: 0.001422 | Val Loss: 0.001487 | Train R²: 0.9502 | Val R²: 0.9500
Epoch 59500 | Train Loss: 0.001400 | Val Loss: 0.001461 | Train R²: 0.9510 | Val R²: 0.9509
Epoch 60000 | Train Loss: 0.001393 | Val Loss: 0.001457 | Train R²: 0.9512 | Val R²: 0.9511
Epoch 60500 | Train Loss: 0.001393 | Val Loss: 0.001460 | Train R²: 0.9512 | Val R²: 0.9509
Epoch 61000 | Train Loss: 0.001390 | Val Loss: 0.001455 | Train R²: 0.9513 | Val R²: 0.9511
Epoch 61500 | Train Loss: 0.001389 | Val Loss: 0.001454 | Train R²: 0.9513 | Val R²: 0.9512
Epoch 62000 | Train Loss: 0.001389 | Val Loss: 0.001453 | Train R²: 0.9513 | Val R²: 0.9512
Epoch 62500 | Train Loss: 0.001389 | Val Loss: 0.001453 | Train R²: 0.9514 | Val R²: 0.9512
Epoch 63000 | Train Loss: 0.001391 | Val Loss: 0.001457 | Train R²: 0.9513 | Val R²: 0.9510
Epoch 63500 | Train Loss: 0.001413 | Val Loss: 0.001479 | Train R²: 0.9505 | Val R²: 0.9503
Epoch 64000 | Train Loss: 0.001386 | Val Loss: 0.001451 | Train R²: 0.9515 | Val R²: 0.9513
Epoch 64500 | Train Loss: 0.001401 | Val Loss: 0.001463 | Train R²: 0.9509 | Val R²: 0.9508
Epoch 65000 | Train Loss: 0.001393 | Val Loss: 0.001455 | Train R²: 0.9512 | Val R²: 0.9511
Epoch 65500 | Train Loss: 0.001396 | Val Loss: 0.001461 | Train R²: 0.9511 | Val R²: 0.9509
Epoch 66000 | Train Loss: 0.001396 | Val Loss: 0.001464 | Train R²: 0.9511 | Val R²: 0.9508
Epoch 66500 | Train Loss: 0.001385 | Val Loss: 0.001449 | Train R²: 0.9515 | Val R²: 0.9513
Epoch 67000 | Train Loss: 0.001384 | Val Loss: 0.001451 | Train R²: 0.9515 | Val R²: 0.9512
Epoch 67500 | Train Loss: 0.001390 | Val Loss: 0.001457 | Train R²: 0.9513 | Val R²: 0.9511
Epoch 68000 | Train Loss: 0.001392 | Val Loss: 0.001462 | Train R²: 0.9513 | Val R²: 0.9509
Epoch 68500 | Train Loss: 0.001396 | Val Loss: 0.001459 | Train R²: 0.9511 | Val R²: 0.9510
Epoch 69000 | Train Loss: 0.001386 | Val Loss: 0.001454 | Train R²: 0.9515 | Val R²: 0.9512
Epoch 69500 | Train Loss: 0.001387 | Val Loss: 0.001454 | Train R²: 0.9514 | Val R²: 0.9511
Epoch 70000 | Train Loss: 0.001389 | Val Loss: 0.001454 | Train R²: 0.9514 | Val R²: 0.9512
Epoch 70500 | Train Loss: 0.001383 | Val Loss: 0.001447 | Train R²: 0.9516 | Val R²: 0.9514
Epoch 71000 | Train Loss: 0.001387 | Val Loss: 0.001459 | Train R²: 0.9514 | Val R²: 0.9510
Epoch 71500 | Train Loss: 0.001384 | Val Loss: 0.001448 | Train R²: 0.9515 | Val R²: 0.9513
Epoch 72000 | Train Loss: 0.001386 | Val Loss: 0.001450 | Train R²: 0.9515 | Val R²: 0.9513
Epoch 72500 | Train Loss: 0.001381 | Val Loss: 0.001445 | Train R²: 0.9516 | Val R²: 0.9514
Epoch 73000 | Train Loss: 0.001383 | Val Loss: 0.001447 | Train R²: 0.9516 | Val R²: 0.9514
Epoch 73500 | Train Loss: 0.001400 | Val Loss: 0.001456 | Train R²: 0.9510 | Val R²: 0.9511
Epoch 74000 | Train Loss: 0.001386 | Val Loss: 0.001449 | Train R²: 0.9515 | Val R²: 0.9513
Epoch 74500 | Train Loss: 0.001384 | Val Loss: 0.001447 | Train R²: 0.9515 | Val R²: 0.9514
Epoch 75000 | Train Loss: 0.001382 | Val Loss: 0.001446 | Train R²: 0.9516 | Val R²: 0.9514
Epoch 75500 | Train Loss: 0.001389 | Val Loss: 0.001457 | Train R²: 0.9514 | Val R²: 0.9511
Epoch 76000 | Train Loss: 0.001383 | Val Loss: 0.001446 | Train R²: 0.9516 | Val R²: 0.9514
Epoch 76500 | Train Loss: 0.001380 | Val Loss: 0.001443 | Train R²: 0.9517 | Val R²: 0.9515
Epoch 77000 | Train Loss: 0.001381 | Val Loss: 0.001444 | Train R²: 0.9517 | Val R²: 0.9515
Epoch 77500 | Train Loss: 0.001421 | Val Loss: 0.001483 | Train R²: 0.9502 | Val R²: 0.9502
Epoch 78000 | Train Loss: 0.001380 | Val Loss: 0.001445 | Train R²: 0.9517 | Val R²: 0.9515
Epoch 78500 | Train Loss: 0.001383 | Val Loss: 0.001451 | Train R²: 0.9516 | Val R²: 0.9512
Epoch 79000 | Train Loss: 0.001379 | Val Loss: 0.001442 | Train R²: 0.9517 | Val R²: 0.9515
Epoch 79500 | Train Loss: 0.001377 | Val Loss: 0.001442 | Train R²: 0.9518 | Val R²: 0.9516
Epoch 80000 | Train Loss: 0.001381 | Val Loss: 0.001446 | Train R²: 0.9516 | Val R²: 0.9514
Epoch 80500 | Train Loss: 0.001384 | Val Loss: 0.001446 | Train R²: 0.9515 | Val R²: 0.9514
Epoch 81000 | Train Loss: 0.001379 | Val Loss: 0.001445 | Train R²: 0.9517 | Val R²: 0.9515
Epoch 81500 | Train Loss: 0.001376 | Val Loss: 0.001442 | Train R²: 0.9518 | Val R²: 0.9516
Epoch 82000 | Train Loss: 0.001377 | Val Loss: 0.001442 | Train R²: 0.9518 | Val R²: 0.9516
Epoch 82500 | Train Loss: 0.001377 | Val Loss: 0.001441 | Train R²: 0.9518 | Val R²: 0.9516
Epoch 83000 | Train Loss: 0.001377 | Val Loss: 0.001442 | Train R²: 0.9518 | Val R²: 0.9516
Epoch 83500 | Train Loss: 0.001378 | Val Loss: 0.001441 | Train R²: 0.9518 | Val R²: 0.9516
Epoch 84000 | Train Loss: 0.001376 | Val Loss: 0.001441 | Train R²: 0.9518 | Val R²: 0.9516
Epoch 84500 | Train Loss: 0.001382 | Val Loss: 0.001449 | Train R²: 0.9516 | Val R²: 0.9513
Epoch 85000 | Train Loss: 0.001389 | Val Loss: 0.001457 | Train R²: 0.9514 | Val R²: 0.9510
Epoch 85500 | Train Loss: 0.001382 | Val Loss: 0.001445 | Train R²: 0.9516 | Val R²: 0.9515
Epoch 86000 | Train Loss: 0.001380 | Val Loss: 0.001445 | Train R²: 0.9517 | Val R²: 0.9514
Epoch 86500 | Train Loss: 0.001380 | Val Loss: 0.001443 | Train R²: 0.9517 | Val R²: 0.9515
Epoch 87000 | Train Loss: 0.001376 | Val Loss: 0.001442 | Train R²: 0.9518 | Val R²: 0.9516
Epoch 87500 | Train Loss: 0.001380 | Val Loss: 0.001444 | Train R²: 0.9517 | Val R²: 0.9515
Epoch 88000 | Train Loss: 0.001375 | Val Loss: 0.001440 | Train R²: 0.9519 | Val R²: 0.9516
Epoch 88500 | Train Loss: 0.001376 | Val Loss: 0.001441 | Train R²: 0.9518 | Val R²: 0.9516
Epoch 89000 | Train Loss: 0.001382 | Val Loss: 0.001450 | Train R²: 0.9516 | Val R²: 0.9513
Epoch 89500 | Train Loss: 0.001378 | Val Loss: 0.001441 | Train R²: 0.9518 | Val R²: 0.9516
Epoch 90000 | Train Loss: 0.001382 | Val Loss: 0.001448 | Train R²: 0.9516 | Val R²: 0.9514
Epoch 90500 | Train Loss: 0.001377 | Val Loss: 0.001442 | Train R²: 0.9518 | Val R²: 0.9516
Epoch 91000 | Train Loss: 0.001377 | Val Loss: 0.001442 | Train R²: 0.9518 | Val R²: 0.9516
Epoch 91500 | Train Loss: 0.001377 | Val Loss: 0.001444 | Train R²: 0.9518 | Val R²: 0.9515
Epoch 92000 | Train Loss: 0.001374 | Val Loss: 0.001438 | Train R²: 0.9519 | Val R²: 0.9517
Epoch 92500 | Train Loss: 0.001375 | Val Loss: 0.001441 | Train R²: 0.9518 | Val R²: 0.9516
Epoch 93000 | Train Loss: 0.001374 | Val Loss: 0.001439 | Train R²: 0.9519 | Val R²: 0.9517
Epoch 93500 | Train Loss: 0.001374 | Val Loss: 0.001438 | Train R²: 0.9519 | Val R²: 0.9517
Epoch 94000 | Train Loss: 0.001378 | Val Loss: 0.001440 | Train R²: 0.9518 | Val R²: 0.9516
Epoch 94500 | Train Loss: 0.001375 | Val Loss: 0.001439 | Train R²: 0.9519 | Val R²: 0.9517
Epoch 95000 | Train Loss: 0.001378 | Val Loss: 0.001444 | Train R²: 0.9518 | Val R²: 0.9515
Epoch 95500 | Train Loss: 0.001389 | Val Loss: 0.001449 | Train R²: 0.9514 | Val R²: 0.9513
Epoch 96000 | Train Loss: 0.001373 | Val Loss: 0.001438 | Train R²: 0.9519 | Val R²: 0.9517
Epoch 96500 | Train Loss: 0.001373 | Val Loss: 0.001438 | Train R²: 0.9519 | Val R²: 0.9517
Epoch 97000 | Train Loss: 0.001373 | Val Loss: 0.001438 | Train R²: 0.9519 | Val R²: 0.9517
Epoch 97500 | Train Loss: 0.001373 | Val Loss: 0.001438 | Train R²: 0.9519 | Val R²: 0.9517
Epoch 98000 | Train Loss: 0.001375 | Val Loss: 0.001438 | Train R²: 0.9519 | Val R²: 0.9517
Epoch 98500 | Train Loss: 0.001373 | Val Loss: 0.001437 | Train R²: 0.9519 | Val R²: 0.9517
Epoch 99000 | Train Loss: 0.001382 | Val Loss: 0.001442 | Train R²: 0.9516 | Val R²: 0.9516
Epoch 99500 | Train Loss: 0.001375 | Val Loss: 0.001438 | Train R²: 0.9518 | Val R²: 0.9517
Epoch 99999 | Train Loss: 0.001378 | Val Loss: 0.001441 | Train R²: 0.9518 | Val R²: 0.9516
